Component: ARM Compiler 5.06 update 5 (build 528) Tool: armlink [4d35e2]

==============================================================================

Section Cross References

    stm32f10x_gpio.o(i.GPIO_AFIODeInit) refers to stm32f10x_rcc.o(i.RCC_APB2PeriphResetCmd) for RCC_APB2PeriphResetCmd
    stm32f10x_gpio.o(i.GPIO_DeInit) refers to stm32f10x_rcc.o(i.RCC_APB2PeriphResetCmd) for RCC_APB2PeriphResetCmd
    stm32f10x_rcc.o(i.RCC_GetClocksFreq) refers to stm32f10x_rcc.o(.data) for APBAHBPrescTable
    stm32f10x_rcc.o(i.RCC_WaitForHSEStartUp) refers to stm32f10x_rcc.o(i.RCC_GetFlagStatus) for RCC_GetFlagStatus
    stm32f10x_usart.o(i.USART_DeInit) refers to stm32f10x_rcc.o(i.RCC_APB2PeriphResetCmd) for RCC_APB2PeriphResetCmd
    stm32f10x_usart.o(i.USART_DeInit) refers to stm32f10x_rcc.o(i.RCC_APB1PeriphResetCmd) for RCC_APB1PeriphResetCmd
    stm32f10x_usart.o(i.USART_Init) refers to stm32f10x_rcc.o(i.RCC_GetClocksFreq) for RCC_GetClocksFreq
    fifo.o(i.fifo_deQueue) refers to fifo.o(i.fifo_isEmpty) for fifo_isEmpty
    fifo.o(i.fifo_deQueue) refers to fifo.o(.bss) for rxFIFO
    fifo.o(i.fifo_enQueue) refers to fifo.o(.bss) for rxFIFO
    fifo.o(i.fifo_isEmpty) refers to fifo.o(.bss) for rxFIFO
    fifo.o(i.fifo_queueLength) refers to fifo.o(.bss) for rxFIFO
    fifo.o(i.initQueue) refers to fifo.o(.bss) for rxFIFO
    delay.o(i.Delay_ms) refers to delay.o(i.Delay_us) for Delay_us
    delay.o(i.Delay_s) refers to delay.o(i.Delay_ms) for Delay_ms
    delay.o(i.delay_ms) refers to delay.o(i.Delay_ms) for Delay_ms
    delay.o(i.delay_s) refers to delay.o(i.Delay_s) for Delay_s
    delay.o(i.delay_us) refers to delay.o(i.Delay_us) for Delay_us
    oled.o(i.OLED_Clear) refers to oled.o(i.OLED_SetCursor) for OLED_SetCursor
    oled.o(i.OLED_Clear) refers to oled.o(i.OLED_WriteData) for OLED_WriteData
    oled.o(i.OLED_I2C_Init) refers to stm32f10x_rcc.o(i.RCC_APB2PeriphClockCmd) for RCC_APB2PeriphClockCmd
    oled.o(i.OLED_I2C_Init) refers to stm32f10x_gpio.o(i.GPIO_Init) for GPIO_Init
    oled.o(i.OLED_I2C_Init) refers to stm32f10x_gpio.o(i.GPIO_WriteBit) for GPIO_WriteBit
    oled.o(i.OLED_I2C_SendByte) refers to stm32f10x_gpio.o(i.GPIO_WriteBit) for GPIO_WriteBit
    oled.o(i.OLED_I2C_Start) refers to stm32f10x_gpio.o(i.GPIO_WriteBit) for GPIO_WriteBit
    oled.o(i.OLED_I2C_Stop) refers to stm32f10x_gpio.o(i.GPIO_WriteBit) for GPIO_WriteBit
    oled.o(i.OLED_Init) refers to oled.o(i.OLED_I2C_Init) for OLED_I2C_Init
    oled.o(i.OLED_Init) refers to oled.o(i.OLED_WriteCommand) for OLED_WriteCommand
    oled.o(i.OLED_Init) refers to oled.o(i.OLED_Clear) for OLED_Clear
    oled.o(i.OLED_SetCursor) refers to oled.o(i.OLED_WriteCommand) for OLED_WriteCommand
    oled.o(i.OLED_ShowBinNum) refers to oled.o(i.OLED_Pow) for OLED_Pow
    oled.o(i.OLED_ShowBinNum) refers to oled.o(i.OLED_ShowChar) for OLED_ShowChar
    oled.o(i.OLED_ShowChar) refers to oled.o(i.OLED_SetCursor) for OLED_SetCursor
    oled.o(i.OLED_ShowChar) refers to oled.o(i.OLED_WriteData) for OLED_WriteData
    oled.o(i.OLED_ShowChar) refers to oled.o(.constdata) for OLED_F8x16
    oled.o(i.OLED_ShowHexNum) refers to oled.o(i.OLED_Pow) for OLED_Pow
    oled.o(i.OLED_ShowHexNum) refers to oled.o(i.OLED_ShowChar) for OLED_ShowChar
    oled.o(i.OLED_ShowNum) refers to oled.o(i.OLED_Pow) for OLED_Pow
    oled.o(i.OLED_ShowNum) refers to oled.o(i.OLED_ShowChar) for OLED_ShowChar
    oled.o(i.OLED_ShowSignedNum) refers to oled.o(i.OLED_ShowChar) for OLED_ShowChar
    oled.o(i.OLED_ShowSignedNum) refers to oled.o(i.OLED_Pow) for OLED_Pow
    oled.o(i.OLED_ShowString) refers to oled.o(i.OLED_ShowChar) for OLED_ShowChar
    oled.o(i.OLED_WriteCommand) refers to oled.o(i.OLED_I2C_Start) for OLED_I2C_Start
    oled.o(i.OLED_WriteCommand) refers to oled.o(i.OLED_I2C_SendByte) for OLED_I2C_SendByte
    oled.o(i.OLED_WriteCommand) refers to oled.o(i.OLED_I2C_Stop) for OLED_I2C_Stop
    oled.o(i.OLED_WriteData) refers to oled.o(i.OLED_I2C_Start) for OLED_I2C_Start
    oled.o(i.OLED_WriteData) refers to oled.o(i.OLED_I2C_SendByte) for OLED_I2C_SendByte
    oled.o(i.OLED_WriteData) refers to oled.o(i.OLED_I2C_Stop) for OLED_I2C_Stop
    move.o(i.Move_Backward) refers to move.o(i.Move_Forward) for Move_Forward
    move.o(i.Move_Enable) refers to zdt_x42_v2.o(i.ZDT_X42_V2_En_Control) for ZDT_X42_V2_En_Control
    move.o(i.Move_Enable) refers to delay.o(i.delay_ms) for delay_ms
    move.o(i.Move_Enable) refers to move.o(.data) for g_inited
    move.o(i.Move_Enable) refers to move.o(.bss) for g_cfg
    move.o(i.Move_Forward) refers to move.o(i.clamp_speed) for clamp_speed
    move.o(i.Move_Forward) refers to fflti.o(.text) for __aeabi_i2f
    move.o(i.Move_Forward) refers to fmul.o(.text) for __aeabi_fmul
    move.o(i.Move_Forward) refers to move.o(i.Move_SetWheelSpeeds) for Move_SetWheelSpeeds
    move.o(i.Move_Forward) refers to move.o(.data) for g_inited
    move.o(i.Move_Forward) refers to move.o(.bss) for g_cfg
[...]
    inv_mpu.o(i.mpu_set_accel_bias) refers to inv_mpu.o(.data) for st
    inv_mpu.o(i.mpu_set_accel_fsr) refers to mpu6050.o(i.mpu6050_write) for mpu6050_write
    inv_mpu.o(i.mpu_set_accel_fsr) refers to inv_mpu.o(.data) for st
    inv_mpu.o(i.mpu_set_bypass) refers to mpu6050.o(i.mpu6050_read) for mpu6050_read
    inv_mpu.o(i.mpu_set_bypass) refers to mpu6050.o(i.mpu6050_write) for mpu6050_write
    inv_mpu.o(i.mpu_set_bypass) refers to delay.o(i.delay_ms) for delay_ms
    inv_mpu.o(i.mpu_set_bypass) refers to inv_mpu.o(.data) for st
    inv_mpu.o(i.mpu_set_dmp_state) refers to inv_mpu.o(i.set_int_enable) for set_int_enable
    inv_mpu.o(i.mpu_set_dmp_state) refers to inv_mpu.o(i.mpu_set_bypass) for mpu_set_bypass
    inv_mpu.o(i.mpu_set_dmp_state) refers to inv_mpu.o(i.mpu_set_sample_rate) for mpu_set_sample_rate
    inv_mpu.o(i.mpu_set_dmp_state) refers to mpu6050.o(i.mpu6050_write) for mpu6050_write
    inv_mpu.o(i.mpu_set_dmp_state) refers to inv_mpu.o(i.mpu_reset_fifo) for mpu_reset_fifo
    inv_mpu.o(i.mpu_set_dmp_state) refers to inv_mpu.o(.data) for st
    inv_mpu.o(i.mpu_set_gyro_fsr) refers to mpu6050.o(i.mpu6050_write) for mpu6050_write
    inv_mpu.o(i.mpu_set_gyro_fsr) refers to inv_mpu.o(.data) for st
    inv_mpu.o(i.mpu_set_int_latched) refers to mpu6050.o(i.mpu6050_write) for mpu6050_write
    inv_mpu.o(i.mpu_set_int_latched) refers to inv_mpu.o(.data) for st
    inv_mpu.o(i.mpu_set_int_level) refers to inv_mpu.o(.data) for st
    inv_mpu.o(i.mpu_set_lpf) refers to mpu6050.o(i.mpu6050_write) for mpu6050_write
    inv_mpu.o(i.mpu_set_lpf) refers to inv_mpu.o(.data) for st
    inv_mpu.o(i.mpu_set_sample_rate) refers to inv_mpu.o(i.mpu_lp_accel_mode) for mpu_lp_accel_mode
    inv_mpu.o(i.mpu_set_sample_rate) refers to mpu6050.o(i.mpu6050_write) for mpu6050_write
    inv_mpu.o(i.mpu_set_sample_rate) refers to inv_mpu.o(i.mpu_set_lpf) for mpu_set_lpf
    inv_mpu.o(i.mpu_set_sample_rate) refers to inv_mpu.o(.data) for st
    inv_mpu.o(i.mpu_set_sensors) refers to mpu6050.o(i.mpu6050_write) for mpu6050_write
    inv_mpu.o(i.mpu_set_sensors) refers to inv_mpu.o(i.mpu_set_int_latched) for mpu_set_int_latched
    inv_mpu.o(i.mpu_set_sensors) refers to delay.o(i.delay_ms) for delay_ms
    inv_mpu.o(i.mpu_set_sensors) refers to inv_mpu.o(.data) for st
    inv_mpu.o(i.mpu_write_mem) refers to mpu6050.o(i.mpu6050_write) for mpu6050_write
    inv_mpu.o(i.mpu_write_mem) refers to inv_mpu.o(.data) for st
    inv_mpu.o(i.run_self_test) refers to inv_mpu.o(i.mpu_run_self_test) for mpu_run_self_test
    inv_mpu.o(i.run_self_test) refers to inv_mpu.o(i.mpu_get_gyro_sens) for mpu_get_gyro_sens
    inv_mpu.o(i.run_self_test) refers to fflti.o(.text) for __aeabi_i2f
    inv_mpu.o(i.run_self_test) refers to fmul.o(.text) for __aeabi_fmul
    inv_mpu.o(i.run_self_test) refers to ffixi.o(.text) for __aeabi_f2iz
    inv_mpu.o(i.run_self_test) refers to inv_mpu_dmp_motion_driver.o(i.dmp_set_gyro_bias) for dmp_set_gyro_bias
    inv_mpu.o(i.run_self_test) refers to inv_mpu.o(i.mpu_get_accel_sens) for mpu_get_accel_sens
    inv_mpu.o(i.run_self_test) refers to inv_mpu_dmp_motion_driver.o(i.dmp_set_accel_bias) for dmp_set_accel_bias
    inv_mpu.o(i.set_int_enable) refers to mpu6050.o(i.mpu6050_write) for mpu6050_write
    inv_mpu.o(i.set_int_enable) refers to inv_mpu.o(.data) for st
    inv_mpu.o(.data) refers to inv_mpu.o(.constdata) for reg
    inv_mpu_dmp_motion_driver.o(i.decode_gesture) refers to inv_mpu_dmp_motion_driver.o(.bss) for dmp
    inv_mpu_dmp_motion_driver.o(i.dmp_enable_6x_lp_quat) refers to memseta.o(.text) for __aeabi_memset
    inv_mpu_dmp_motion_driver.o(i.dmp_enable_6x_lp_quat) refers to inv_mpu.o(i.mpu_write_mem) for mpu_write_mem
    inv_mpu_dmp_motion_driver.o(i.dmp_enable_6x_lp_quat) refers to inv_mpu.o(i.mpu_reset_fifo) for mpu_reset_fifo
    inv_mpu_dmp_motion_driver.o(i.dmp_enable_feature) refers to inv_mpu.o(i.mpu_write_mem) for mpu_write_mem
    inv_mpu_dmp_motion_driver.o(i.dmp_enable_feature) refers to inv_mpu_dmp_motion_driver.o(i.dmp_enable_gyro_cal) for dmp_enable_gyro_cal
    inv_mpu_dmp_motion_driver.o(i.dmp_enable_feature) refers to inv_mpu_dmp_motion_driver.o(i.dmp_set_tap_thresh) for dmp_set_tap_thresh
    inv_mpu_dmp_motion_driver.o(i.dmp_enable_feature) refers to inv_mpu_dmp_motion_driver.o(i.dmp_set_tap_axes) for dmp_set_tap_axes
    inv_mpu_dmp_motion_driver.o(i.dmp_enable_feature) refers to inv_mpu_dmp_motion_driver.o(i.dmp_set_tap_count) for dmp_set_tap_count
    inv_mpu_dmp_motion_driver.o(i.dmp_enable_feature) refers to inv_mpu_dmp_motion_driver.o(i.dmp_set_tap_time) for dmp_set_tap_time
    inv_mpu_dmp_motion_driver.o(i.dmp_enable_feature) refers to inv_mpu_dmp_motion_driver.o(i.dmp_set_tap_time_multi) for dmp_set_tap_time_multi
    inv_mpu_dmp_motion_driver.o(i.dmp_enable_feature) refers to inv_mpu_dmp_motion_driver.o(i.dmp_set_shake_reject_thresh) for dmp_set_shake_reject_thresh
    inv_mpu_dmp_motion_driver.o(i.dmp_enable_feature) refers to inv_mpu_dmp_motion_driver.o(i.dmp_set_shake_reject_time) for dmp_set_shake_reject_time
    inv_mpu_dmp_motion_driver.o(i.dmp_enable_feature) refers to inv_mpu_dmp_motion_driver.o(i.dmp_set_shake_reject_timeout) for dmp_set_shake_reject_timeout
    inv_mpu_dmp_motion_driver.o(i.dmp_enable_feature) refers to inv_mpu_dmp_motion_driver.o(i.dmp_enable_lp_quat) for dmp_enable_lp_quat
    inv_mpu_dmp_motion_driver.o(i.dmp_enable_feature) refers to inv_mpu_dmp_motion_driver.o(i.dmp_enable_6x_lp_quat) for dmp_enable_6x_lp_quat
    inv_mpu_dmp_motion_driver.o(i.dmp_enable_feature) refers to inv_mpu.o(i.mpu_reset_fifo) for mpu_reset_fifo
    inv_mpu_dmp_motion_driver.o(i.dmp_enable_feature) refers to inv_mpu_dmp_motion_driver.o(.bss) for dmp
    inv_mpu_dmp_motion_driver.o(i.dmp_enable_gyro_cal) refers to inv_mpu.o(i.mpu_write_mem) for mpu_write_mem
    inv_mpu_dmp_motion_driver.o(i.dmp_enable_lp_quat) refers to memseta.o(.text) for __aeabi_memset
    inv_mpu_dmp_motion_driver.o(i.dmp_enable_lp_quat) refers to inv_mpu.o(i.mpu_write_mem) for mpu_write_mem
    inv_mpu_dmp_motion_driver.o(i.dmp_enable_lp_quat) refers to inv_mpu.o(i.mpu_reset_fifo) for mpu_reset_fifo
    inv_mpu_dmp_motion_driver.o(i.dmp_get_enabled_features) refers to inv_mpu_dmp_motion_driver.o(.bss) for dmp
    inv_mpu_dmp_motion_driver.o(i.dmp_get_fifo_rate) refers to inv_mpu_dmp_motion_driver.o(.bss) for dmp
    inv_mpu_dmp_motion_driver.o(i.dmp_get_pedometer_step_count) refers to inv_mpu.o(i.mpu_read_mem) for mpu_read_mem
    inv_mpu_dmp_motion_driver.o(i.dmp_get_pedometer_walk_time) refers to inv_mpu.o(i.mpu_read_mem) for mpu_read_mem
    inv_mpu_dmp_motion_driver.o(i.dmp_load_motion_driver_firmware) refers to inv_mpu.o(i.mpu_load_firmware) for mpu_load_firmware
    inv_mpu_dmp_motion_driver.o(i.dmp_load_motion_driver_firmware) refers to inv_mpu_dmp_motion_driver.o(.constdata) for dmp_memory
    inv_mpu_dmp_motion_driver.o(i.dmp_read_fifo) refers to inv_mpu.o(i.mpu_read_fifo_stream) for mpu_read_fifo_stream
    inv_mpu_dmp_motion_driver.o(i.dmp_read_fifo) refers to inv_mpu.o(i.mpu_reset_fifo) for mpu_reset_fifo
    inv_mpu_dmp_motion_driver.o(i.dmp_read_fifo) refers to inv_mpu_dmp_motion_driver.o(i.decode_gesture) for decode_gesture
    inv_mpu_dmp_motion_driver.o(i.dmp_read_fifo) refers to inv_mpu_dmp_motion_driver.o(.bss) for dmp
    inv_mpu_dmp_motion_driver.o(i.dmp_register_android_orient_cb) refers to inv_mpu_dmp_motion_driver.o(.bss) for dmp
    inv_mpu_dmp_motion_driver.o(i.dmp_register_tap_cb) refers to inv_mpu_dmp_motion_driver.o(.bss) for dmp
    inv_mpu_dmp_motion_driver.o(i.dmp_set_accel_bias) refers to inv_mpu.o(i.mpu_get_accel_sens) for mpu_get_accel_sens
    inv_mpu_dmp_motion_driver.o(i.dmp_set_accel_bias) refers to inv_mpu.o(i.mpu_write_mem) for mpu_write_mem
    inv_mpu_dmp_motion_driver.o(i.dmp_set_accel_bias) refers to inv_mpu_dmp_motion_driver.o(.bss) for dmp
    inv_mpu_dmp_motion_driver.o(i.dmp_set_fifo_rate) refers to inv_mpu.o(i.mpu_write_mem) for mpu_write_mem
    inv_mpu_dmp_motion_driver.o(i.dmp_set_fifo_rate) refers to inv_mpu_dmp_motion_driver.o(.bss) for dmp
    inv_mpu_dmp_motion_driver.o(i.dmp_set_gyro_bias) refers to inv_mpu.o(i.mpu_write_mem) for mpu_write_mem
    inv_mpu_dmp_motion_driver.o(i.dmp_set_gyro_bias) refers to inv_mpu_dmp_motion_driver.o(.bss) for dmp
    inv_mpu_dmp_motion_driver.o(i.dmp_set_interrupt_mode) refers to inv_mpu.o(i.mpu_write_mem) for mpu_write_mem
    inv_mpu_dmp_motion_driver.o(i.dmp_set_orientation) refers to inv_mpu.o(i.mpu_write_mem) for mpu_write_mem
    inv_mpu_dmp_motion_driver.o(i.dmp_set_orientation) refers to inv_mpu_dmp_motion_driver.o(.bss) for dmp
    inv_mpu_dmp_motion_driver.o(i.dmp_set_pedometer_step_count) refers to inv_mpu.o(i.mpu_write_mem) for mpu_write_mem
    inv_mpu_dmp_motion_driver.o(i.dmp_set_pedometer_walk_time) refers to inv_mpu.o(i.mpu_write_mem) for mpu_write_mem
    inv_mpu_dmp_motion_driver.o(i.dmp_set_shake_reject_thresh) refers to inv_mpu.o(i.mpu_write_mem) for mpu_write_mem
    inv_mpu_dmp_motion_driver.o(i.dmp_set_shake_reject_time) refers to inv_mpu.o(i.mpu_write_mem) for mpu_write_mem
    inv_mpu_dmp_motion_driver.o(i.dmp_set_shake_reject_timeout) refers to inv_mpu.o(i.mpu_write_mem) for mpu_write_mem
    inv_mpu_dmp_motion_driver.o(i.dmp_set_tap_axes) refers to inv_mpu.o(i.mpu_write_mem) for mpu_write_mem
    inv_mpu_dmp_motion_driver.o(i.dmp_set_tap_count) refers to inv_mpu.o(i.mpu_write_mem) for mpu_write_mem
    inv_mpu_dmp_motion_driver.o(i.dmp_set_tap_thresh) refers to ffltui.o(.text) for __aeabi_ui2f
    inv_mpu_dmp_motion_driver.o(i.dmp_set_tap_thresh) refers to fdiv.o(.text) for __aeabi_fdiv
    inv_mpu_dmp_motion_driver.o(i.dmp_set_tap_thresh) refers to inv_mpu.o(i.mpu_get_accel_fsr) for mpu_get_accel_fsr
    inv_mpu_dmp_motion_driver.o(i.dmp_set_tap_thresh) refers to fmul.o(.text) for __aeabi_fmul
    inv_mpu_dmp_motion_driver.o(i.dmp_set_tap_thresh) refers to ffixui.o(.text) for __aeabi_f2uiz
    inv_mpu_dmp_motion_driver.o(i.dmp_set_tap_thresh) refers to inv_mpu.o(i.mpu_write_mem) for mpu_write_mem
    inv_mpu_dmp_motion_driver.o(i.dmp_set_tap_time) refers to inv_mpu.o(i.mpu_write_mem) for mpu_write_mem
    inv_mpu_dmp_motion_driver.o(i.dmp_set_tap_time_multi) refers to inv_mpu.o(i.mpu_write_mem) for mpu_write_mem
    mpu6050.o(i.MPU6050_Init) refers to mpu6050_i2c.o(i.MPU6050_IIC_IO_Init) for MPU6050_IIC_IO_Init
    mpu6050.o(i.MPU6050_Init) refers to mpu6050.o(i.mpu6050_write_reg) for mpu6050_write_reg
    mpu6050.o(i.MPU6050_Init) refers to delay.o(i.delay_ms) for delay_ms
    mpu6050.o(i.MPU6050_Init) refers to mpu6050.o(i.MPU_Set_Gyro_Fsr) for MPU_Set_Gyro_Fsr
    mpu6050.o(i.MPU6050_Init) refers to mpu6050.o(i.MPU_Set_Accel_Fsr) for MPU_Set_Accel_Fsr
    mpu6050.o(i.MPU6050_Init) refers to mpu6050.o(i.MPU_Set_Rate) for MPU_Set_Rate
    mpu6050.o(i.MPU6050_Init) refers to mpu6050.o(i.mpu6050_read_reg) for mpu6050_read_reg
    mpu6050.o(i.MPU_Get_Accelerometer) refers to mpu6050.o(i.mpu6050_read) for mpu6050_read
    mpu6050.o(i.MPU_Get_Gyroscope) refers to mpu6050.o(i.mpu6050_read) for mpu6050_read
    mpu6050.o(i.MPU_Get_Temperature) refers to mpu6050.o(i.mpu6050_read) for mpu6050_read
    mpu6050.o(i.MPU_Get_Temperature) refers to dflti.o(.text) for __aeabi_i2d
    mpu6050.o(i.MPU_Get_Temperature) refers to ddiv.o(.text) for __aeabi_ddiv
    mpu6050.o(i.MPU_Get_Temperature) refers to dadd.o(.text) for __aeabi_dadd
    mpu6050.o(i.MPU_Get_Temperature) refers to d2f.o(.text) for __aeabi_d2f
    mpu6050.o(i.MPU_Get_Temperature) refers to fmul.o(.text) for __aeabi_fmul
    mpu6050.o(i.MPU_Get_Temperature) refers to ffixi.o(.text) for __aeabi_f2iz
    mpu6050.o(i.MPU_Set_Accel_Fsr) refers to mpu6050.o(i.mpu6050_write_reg) for mpu6050_write_reg
    mpu6050.o(i.MPU_Set_Gyro_Fsr) refers to mpu6050.o(i.mpu6050_write_reg) for mpu6050_write_reg
    mpu6050.o(i.MPU_Set_LPF) refers to mpu6050.o(i.mpu6050_write_reg) for mpu6050_write_reg
    mpu6050.o(i.MPU_Set_Rate) refers to mpu6050.o(i.mpu6050_write_reg) for mpu6050_write_reg
    mpu6050.o(i.MPU_Set_Rate) refers to mpu6050.o(i.MPU_Set_LPF) for MPU_Set_LPF
    mpu6050.o(i.mpu6050_read) refers to mpu6050_i2c.o(i.MPU6050_IIC_Start) for MPU6050_IIC_Start
    mpu6050.o(i.mpu6050_read) refers to mpu6050_i2c.o(i.MPU6050_IIC_Send_Byte) for MPU6050_IIC_Send_Byte
    mpu6050.o(i.mpu6050_read) refers to mpu6050_i2c.o(i.MPU6050_IIC_Read_Byte) for MPU6050_IIC_Read_Byte
    mpu6050.o(i.mpu6050_read) refers to mpu6050_i2c.o(i.MPU6050_IIC_Stop) for MPU6050_IIC_Stop
    mpu6050.o(i.mpu6050_read_reg) refers to mpu6050.o(i.mpu6050_read) for mpu6050_read
    mpu6050.o(i.mpu6050_write) refers to mpu6050_i2c.o(i.MPU6050_IIC_Start) for MPU6050_IIC_Start
    mpu6050.o(i.mpu6050_write) refers to mpu6050_i2c.o(i.MPU6050_IIC_Send_Byte) for MPU6050_IIC_Send_Byte
    mpu6050.o(i.mpu6050_write) refers to mpu6050_i2c.o(i.MPU6050_IIC_Stop) for MPU6050_IIC_Stop
    mpu6050.o(i.mpu6050_write_reg) refers to mpu6050.o(i.mpu6050_write) for mpu6050_write
    mpu6050_i2c.o(i.MPU6050_IIC_IO_Init) refers to sys.o(i.My_GPIO_Init) for My_GPIO_Init
    mpu6050_i2c.o(i.MPU6050_IIC_Read_Ack) refers to mpu6050_i2c.o(i.MPU6050_IIC_SDA_IO_IN) for MPU6050_IIC_SDA_IO_IN
    mpu6050_i2c.o(i.MPU6050_IIC_Read_Ack) refers to delay.o(i.delay_us) for delay_us
    mpu6050_i2c.o(i.MPU6050_IIC_Read_Ack) refers to mpu6050_i2c.o(i.MPU6050_IIC_Stop) for MPU6050_IIC_Stop
    mpu6050_i2c.o(i.MPU6050_IIC_Read_Byte) refers to mpu6050_i2c.o(i.MPU6050_IIC_SDA_IO_IN) for MPU6050_IIC_SDA_IO_IN
    mpu6050_i2c.o(i.MPU6050_IIC_Read_Byte) refers to delay.o(i.delay_us) for delay_us
    mpu6050_i2c.o(i.MPU6050_IIC_Read_Byte) refers to mpu6050_i2c.o(i.MPU6050_IIC_Send_Ack) for MPU6050_IIC_Send_Ack
    mpu6050_i2c.o(i.MPU6050_IIC_SDA_IO_IN) refers to sys.o(i.My_GPIO_Init) for My_GPIO_Init
    mpu6050_i2c.o(i.MPU6050_IIC_SDA_IO_OUT) refers to sys.o(i.My_GPIO_Init) for My_GPIO_Init
    mpu6050_i2c.o(i.MPU6050_IIC_Send_Ack) refers to mpu6050_i2c.o(i.MPU6050_IIC_SDA_IO_OUT) for MPU6050_IIC_SDA_IO_OUT
    mpu6050_i2c.o(i.MPU6050_IIC_Send_Ack) refers to delay.o(i.delay_us) for delay_us
    mpu6050_i2c.o(i.MPU6050_IIC_Send_Byte) refers to mpu6050_i2c.o(i.MPU6050_IIC_SDA_IO_OUT) for MPU6050_IIC_SDA_IO_OUT
    mpu6050_i2c.o(i.MPU6050_IIC_Send_Byte) refers to delay.o(i.delay_us) for delay_us
    mpu6050_i2c.o(i.MPU6050_IIC_Send_Byte) refers to mpu6050_i2c.o(i.MPU6050_IIC_Read_Ack) for MPU6050_IIC_Read_Ack
    mpu6050_i2c.o(i.MPU6050_IIC_Start) refers to mpu6050_i2c.o(i.MPU6050_IIC_SDA_IO_OUT) for MPU6050_IIC_SDA_IO_OUT
    mpu6050_i2c.o(i.MPU6050_IIC_Start) refers to delay.o(i.delay_us) for delay_us
    mpu6050_i2c.o(i.MPU6050_IIC_Stop) refers to mpu6050_i2c.o(i.MPU6050_IIC_SDA_IO_OUT) for MPU6050_IIC_SDA_IO_OUT
    mpu6050_i2c.o(i.MPU6050_IIC_Stop) refers to delay.o(i.delay_us) for delay_us
    startup_stm32f10x_hd.o(RESET) refers to startup_stm32f10x_hd.o(STACK) for __initial_sp
    startup_stm32f10x_hd.o(RESET) refers to startup_stm32f10x_hd.o(.text) for Reset_Handler
    startup_stm32f10x_hd.o(RESET) refers to stm32f10x_it.o(i.NMI_Handler) for NMI_Handler
    startup_stm32f10x_hd.o(RESET) refers to stm32f10x_it.o(i.HardFault_Handler) for HardFault_Handler
    startup_stm32f10x_hd.o(RESET) refers to stm32f10x_it.o(i.MemManage_Handler) for MemManage_Handler
    startup_stm32f10x_hd.o(RESET) refers to stm32f10x_it.o(i.BusFault_Handler) for BusFault_Handler
    startup_stm32f10x_hd.o(RESET) refers to stm32f10x_it.o(i.UsageFault_Handler) for UsageFault_Handler
    startup_stm32f10x_hd.o(RESET) refers to stm32f10x_it.o(i.SVC_Handler) for SVC_Handler
    startup_stm32f10x_hd.o(RESET) refers to stm32f10x_it.o(i.DebugMon_Handler) for DebugMon_Handler
    startup_stm32f10x_hd.o(RESET) refers to stm32f10x_it.o(i.PendSV_Handler) for PendSV_Handler
    startup_stm32f10x_hd.o(RESET) refers to stm32f10x_it.o(i.SysTick_Handler) for SysTick_Handler
    startup_stm32f10x_hd.o(RESET) refers to usart.o(i.USART1_IRQHandler) for USART1_IRQHandler
    startup_stm32f10x_hd.o(.text) refers to system_stm32f10x.o(i.SystemInit) for SystemInit
    startup_stm32f10x_hd.o(.text) refers to entry.o(.ARM.Collect$$$$00000000) for __main
    system_stm32f10x.o(i.SetSysClock) refers to system_stm32f10x.o(i.SetSysClockTo72) for SetSysClockTo72
    system_stm32f10x.o(i.SystemCoreClockUpdate) refers to system_stm32f10x.o(.data) for SystemCoreClock
    system_stm32f10x.o(i.SystemInit) refers to system_stm32f10x.o(i.SetSysClock) for SetSysClock
    zdt_x42_v2.o(i.ZDT_X42_V2_Bypass_Position_LV_Control) refers to fmul.o(.text) for __aeabi_fmul
    zdt_x42_v2.o(i.ZDT_X42_V2_Bypass_Position_LV_Control) refers to cfrcmple.o(.text) for __aeabi_cfrcmple
    zdt_x42_v2.o(i.ZDT_X42_V2_Bypass_Position_LV_Control) refers to ffixui.o(.text) for __aeabi_f2uiz
    zdt_x42_v2.o(i.ZDT_X42_V2_Bypass_Position_LV_Control) refers to usart.o(i.usart_SendCmd) for usart_SendCmd
    zdt_x42_v2.o(i.ZDT_X42_V2_En_Control) refers to usart.o(i.usart_SendCmd) for usart_SendCmd
    zdt_x42_v2.o(i.ZDT_X42_V2_Modify_Ctrl_Mode) refers to usart.o(i.usart_SendCmd) for usart_SendCmd
    zdt_x42_v2.o(i.ZDT_X42_V2_Origin_Interrupt) refers to usart.o(i.usart_SendCmd) for usart_SendCmd
    zdt_x42_v2.o(i.ZDT_X42_V2_Origin_Modify_Params) refers to memseta.o(.text) for __aeabi_memclr4
    zdt_x42_v2.o(i.ZDT_X42_V2_Origin_Modify_Params) refers to usart.o(i.usart_SendCmd) for usart_SendCmd
    zdt_x42_v2.o(i.ZDT_X42_V2_Origin_Set_O) refers to usart.o(i.usart_SendCmd) for usart_SendCmd
    zdt_x42_v2.o(i.ZDT_X42_V2_Origin_Trigger_Return) refers to usart.o(i.usart_SendCmd) for usart_SendCmd
    zdt_x42_v2.o(i.ZDT_X42_V2_Read_Sys_Params) refers to usart.o(i.usart_SendCmd) for usart_SendCmd
    zdt_x42_v2.o(i.ZDT_X42_V2_Receive_Data) refers to delay.o(i.delay_ms) for delay_ms
    zdt_x42_v2.o(i.ZDT_X42_V2_Receive_Data) refers to usart.o(.data) for u_rxCount
    zdt_x42_v2.o(i.ZDT_X42_V2_Receive_Data) refers to usart.o(.bss) for u_rxCmd
    zdt_x42_v2.o(i.ZDT_X42_V2_Reset_Clog_Pro) refers to usart.o(i.usart_SendCmd) for usart_SendCmd
    zdt_x42_v2.o(i.ZDT_X42_V2_Reset_CurPos_To_Zero) refers to usart.o(i.usart_SendCmd) for usart_SendCmd
    zdt_x42_v2.o(i.ZDT_X42_V2_Stop_Now) refers to usart.o(i.usart_SendCmd) for usart_SendCmd
    zdt_x42_v2.o(i.ZDT_X42_V2_Synchronous_motion) refers to usart.o(i.usart_SendCmd) for usart_SendCmd
    zdt_x42_v2.o(i.ZDT_X42_V2_Torque_Control) refers to usart.o(i.usart_SendCmd) for usart_SendCmd
    zdt_x42_v2.o(i.ZDT_X42_V2_Traj_Position_Control) refers to memseta.o(.text) for __aeabi_memclr4
    zdt_x42_v2.o(i.ZDT_X42_V2_Traj_Position_Control) refers to fmul.o(.text) for __aeabi_fmul
    zdt_x42_v2.o(i.ZDT_X42_V2_Traj_Position_Control) refers to cfrcmple.o(.text) for __aeabi_cfrcmple
    zdt_x42_v2.o(i.ZDT_X42_V2_Traj_Position_Control) refers to ffixui.o(.text) for __aeabi_f2uiz
    zdt_x42_v2.o(i.ZDT_X42_V2_Traj_Position_Control) refers to usart.o(i.usart_SendCmd) for usart_SendCmd
    zdt_x42_v2.o(i.ZDT_X42_V2_Velocity_Control) refers to fmul.o(.text) for __aeabi_fmul
    zdt_x42_v2.o(i.ZDT_X42_V2_Velocity_Control) refers to cfrcmple.o(.text) for __aeabi_cfrcmple
    zdt_x42_v2.o(i.ZDT_X42_V2_Velocity_Control) refers to ffixui.o(.text) for __aeabi_f2uiz
    zdt_x42_v2.o(i.ZDT_X42_V2_Velocity_Control) refers to usart.o(i.usart_SendCmd) for usart_SendCmd
    usart.o(i.USART1_IRQHandler) refers to stm32f10x_usart.o(i.USART_GetITStatus) for USART_GetITStatus
    usart.o(i.USART1_IRQHandler) refers to fifo.o(i.fifo_enQueue) for fifo_enQueue
    usart.o(i.USART1_IRQHandler) refers to stm32f10x_usart.o(i.USART_ClearITPendingBit) for USART_ClearITPendingBit
    usart.o(i.USART1_IRQHandler) refers to fifo.o(i.fifo_queueLength) for fifo_queueLength
    usart.o(i.USART1_IRQHandler) refers to fifo.o(i.fifo_deQueue) for fifo_deQueue
    usart.o(i.USART1_IRQHandler) refers to usart.o(.data) for u_rxCount
    usart.o(i.USART1_IRQHandler) refers to usart.o(.bss) for u_rxCmd
    usart.o(i.usart_SendCmd) refers to usart.o(i.usart_SendByte) for usart_SendByte
    board.o(i.board_init) refers to board.o(i.nvic_init) for nvic_init
    board.o(i.board_init) refers to board.o(i.clock_init) for clock_init
    board.o(i.board_init) refers to board.o(i.usart_init) for usart_init
    board.o(i.clock_init) refers to stm32f10x_rcc.o(i.RCC_APB2PeriphClockCmd) for RCC_APB2PeriphClockCmd
    board.o(i.clock_init) refers to stm32f10x_gpio.o(i.GPIO_PinRemapConfig) for GPIO_PinRemapConfig
    board.o(i.nvic_init) refers to misc.o(i.NVIC_PriorityGroupConfig) for NVIC_PriorityGroupConfig
    board.o(i.nvic_init) refers to misc.o(i.NVIC_Init) for NVIC_Init
    board.o(i.usart_init) refers to stm32f10x_gpio.o(i.GPIO_Init) for GPIO_Init
    board.o(i.usart_init) refers to stm32f10x_usart.o(i.USART_Init) for USART_Init
    board.o(i.usart_init) refers to stm32f10x_usart.o(i.USART_ClearITPendingBit) for USART_ClearITPendingBit
    board.o(i.usart_init) refers to stm32f10x_usart.o(i.USART_ITConfig) for USART_ITConfig
    board.o(i.usart_init) refers to stm32f10x_usart.o(i.USART_Cmd) for USART_Cmd
    sys.o(i.My_GPIO_Init) refers to sys.o(i.power) for power
    sys.o(i.My_GPIO_Init) refers to stm32f10x_rcc.o(i.RCC_APB2PeriphClockCmd) for RCC_APB2PeriphClockCmd
    sys.o(i.My_GPIO_Init) refers to stm32f10x_gpio.o(i.GPIO_Init) for GPIO_Init
    sys.o(i.log_2) refers to sys.o(i.power) for power
    main.o(i.main) refers to board.o(i.board_init) for board_init
    main.o(i.main) refers to oled.o(i.OLED_Init) for OLED_Init
    main.o(i.main) refers to memseta.o(.text) for __aeabi_memclr4
    main.o(i.main) refers to zdt_x42_v2.o(i.ZDT_X42_V2_Velocity_Control) for ZDT_X42_V2_Velocity_Control
    main.o(i.main) refers to delay.o(i.delay_ms) for delay_ms
    main.o(i.main) refers to zdt_x42_v2.o(i.ZDT_X42_V2_Synchronous_motion) for ZDT_X42_V2_Synchronous_motion
    main.o(i.main) refers to zdt_x42_v2.o(i.ZDT_X42_V2_Read_Sys_Params) for ZDT_X42_V2_Read_Sys_Params
    main.o(i.main) refers to zdt_x42_v2.o(i.ZDT_X42_V2_Receive_Data) for ZDT_X42_V2_Receive_Data
    main.o(i.main) refers to ffltui.o(.text) for __aeabi_ui2f
    main.o(i.main) refers to fmul.o(.text) for __aeabi_fmul
    main.o(i.main) refers to ffixui.o(.text) for __aeabi_f2uiz
    main.o(i.main) refers to oled.o(i.OLED_ShowNum) for OLED_ShowNum
    asin.o(i.__softfp_asin) refers (Special) to iusefp.o(.text) for __I$use$fp
    asin.o(i.__softfp_asin) refers to asin.o(i.asin) for asin
    asin.o(i.asin) refers (Special) to iusefp.o(.text) for __I$use$fp
    asin.o(i.asin) refers to dunder.o(i.__mathlib_dbl_infnan) for __mathlib_dbl_infnan
    asin.o(i.asin) refers to dmul.o(.text) for __aeabi_dmul
    asin.o(i.asin) refers to dadd.o(.text) for __aeabi_dadd
    asin.o(i.asin) refers to errno.o(i.__set_errno) for __set_errno
    asin.o(i.asin) refers to dunder.o(i.__mathlib_dbl_invalid) for __mathlib_dbl_invalid
    asin.o(i.asin) refers to fpclassify.o(i.__ARM_fpclassify) for __ARM_fpclassify
    asin.o(i.asin) refers to dunder.o(i.__mathlib_dbl_underflow) for __mathlib_dbl_underflow
    asin.o(i.asin) refers to poly.o(i.__kernel_poly) for __kernel_poly
    asin.o(i.asin) refers to ddiv.o(.text) for __aeabi_ddiv
    asin.o(i.asin) refers to dscalb.o(.text) for __ARM_scalbn
    asin.o(i.asin) refers to sqrt.o(i.sqrt) for sqrt
    asin.o(i.asin) refers to asin.o(.constdata) for .constdata
    asin.o(.constdata) refers (Special) to iusefp.o(.text) for __I$use$fp
    asin_x.o(i.____softfp_asin$lsc) refers (Special) to iusefp.o(.text) for __I$use$fp
    asin_x.o(i.____softfp_asin$lsc) refers to asin_x.o(i.__asin$lsc) for __asin$lsc
    asin_x.o(i.__asin$lsc) refers (Special) to iusefp.o(.text) for __I$use$fp
    asin_x.o(i.__asin$lsc) refers to dunder.o(i.__mathlib_dbl_infnan) for __mathlib_dbl_infnan
    asin_x.o(i.__asin$lsc) refers to dmul.o(.text) for __aeabi_dmul
    asin_x.o(i.__asin$lsc) refers to dadd.o(.text) for __aeabi_dadd
    asin_x.o(i.__asin$lsc) refers to errno.o(i.__set_errno) for __set_errno
    asin_x.o(i.__asin$lsc) refers to poly.o(i.__kernel_poly) for __kernel_poly
    asin_x.o(i.__asin$lsc) refers to ddiv.o(.text) for __aeabi_ddiv
    asin_x.o(i.__asin$lsc) refers to dscalb.o(.text) for __ARM_scalbn
    asin_x.o(i.__asin$lsc) refers to sqrt.o(i.sqrt) for sqrt
    asin_x.o(i.__asin$lsc) refers to asin_x.o(.constdata) for .constdata
    asin_x.o(.constdata) refers (Special) to iusefp.o(.text) for __I$use$fp
    atan2.o(i.__softfp_atan2) refers (Special) to iusefp.o(.text) for __I$use$fp
    atan2.o(i.__softfp_atan2) refers to atan2.o(i.atan2) for atan2
    atan2.o(i.atan2) refers (Special) to iusefp.o(.text) for __I$use$fp
    atan2.o(i.atan2) refers to dunder.o(i.__mathlib_dbl_infnan2) for __mathlib_dbl_infnan2
    atan2.o(i.atan2) refers to atan.o(i.atan) for atan
    atan2.o(i.atan2) refers to ddiv.o(.text) for __aeabi_ddiv
    atan2.o(i.atan2) refers to dadd.o(.text) for __aeabi_dsub
    atan2.o(i.atan2) refers to qnan.o(.constdata) for __mathlib_zero
    atan2_x.o(i.____softfp_atan2$lsc) refers (Special) to iusefp.o(.text) for __I$use$fp
    atan2_x.o(i.____softfp_atan2$lsc) refers to atan2_x.o(i.__atan2$lsc) for __atan2$lsc
    atan2_x.o(i.__atan2$lsc) refers (Special) to iusefp.o(.text) for __I$use$fp
    atan2_x.o(i.__atan2$lsc) refers to dunder.o(i.__mathlib_dbl_infnan2) for __mathlib_dbl_infnan2
    atan2_x.o(i.__atan2$lsc) refers to atan.o(i.atan) for atan
    atan2_x.o(i.__atan2$lsc) refers to errno.o(i.__set_errno) for __set_errno
    atan2_x.o(i.__atan2$lsc) refers to ddiv.o(.text) for __aeabi_ddiv
    atan2_x.o(i.__atan2$lsc) refers to dadd.o(.text) for __aeabi_dsub
    atan2_x.o(i.__atan2$lsc) refers to qnan.o(.constdata) for __mathlib_zero
    entry.o(.ARM.Collect$$$$00000000) refers (Special) to entry10a.o(.ARM.Collect$$$$0000000D) for __rt_final_cpp
    entry.o(.ARM.Collect$$$$00000000) refers (Special) to entry11a.o(.ARM.Collect$$$$0000000F) for __rt_final_exit
    entry.o(.ARM.Collect$$$$00000000) refers (Special) to entry7b.o(.ARM.Collect$$$$00000008) for _main_clock
    entry.o(.ARM.Collect$$$$00000000) refers (Special) to entry8b.o(.ARM.Collect$$$$0000000A) for _main_cpp_init
    entry.o(.ARM.Collect$$$$00000000) refers (Special) to entry9a.o(.ARM.Collect$$$$0000000B) for _main_init
    entry.o(.ARM.Collect$$$$00000000) refers (Special) to entry5.o(.ARM.Collect$$$$00000004) for _main_scatterload
    entry.o(.ARM.Collect$$$$00000000) refers (Special) to entry2.o(.ARM.Collect$$$$00000001) for _main_stk
    ldiv.o(.text) refers to uldiv.o(.text) for __aeabi_uldivmod
    fadd.o(.text) refers (Special) to iusefp.o(.text) for __I$use$fp
    fadd.o(.text) refers to fepilogue.o(.text) for _float_epilogue
    fmul.o(.text) refers (Special) to iusefp.o(.text) for __I$use$fp
    fdiv.o(.text) refers (Special) to iusefp.o(.text) for __I$use$fp
    fdiv.o(.text) refers to fepilogue.o(.text) for _float_round
    dadd.o(.text) refers (Special) to iusefp.o(.text) for __I$use$fp
    dadd.o(.text) refers to llshl.o(.text) for __aeabi_llsl
    dadd.o(.text) refers to llsshr.o(.text) for __aeabi_lasr
    dadd.o(.text) refers to depilogue.o(.text) for _double_epilogue
    dmul.o(.text) refers (Special) to iusefp.o(.text) for __I$use$fp
    dmul.o(.text) refers to depilogue.o(.text) for _double_epilogue
    ddiv.o(.text) refers (Special) to iusefp.o(.text) for __I$use$fp
    ddiv.o(.text) refers to depilogue.o(.text) for _double_round
    fflti.o(.text) refers (Special) to iusefp.o(.text) for __I$use$fp
    fflti.o(.text) refers to fepilogue.o(.text) for _float_epilogue
    ffltui.o(.text) refers (Special) to iusefp.o(.text) for __I$use$fp
    ffltui.o(.text) refers to fepilogue.o(.text) for _float_epilogue
    dflti.o(.text) refers (Special) to iusefp.o(.text) for __I$use$fp
    dflti.o(.text) refers to depilogue.o(.text) for _double_epilogue
    ffixi.o(.text) refers (Special) to iusefp.o(.text) for __I$use$fp
    ffixui.o(.text) refers (Special) to iusefp.o(.text) for __I$use$fp
    f2d.o(.text) refers (Special) to iusefp.o(.text) for __I$use$fp
    d2f.o(.text) refers (Special) to iusefp.o(.text) for __I$use$fp
    d2f.o(.text) refers to fepilogue.o(.text) for _float_round
    cfcmple.o(.text) refers (Special) to iusefp.o(.text) for __I$use$fp
    cfrcmple.o(.text) refers (Special) to iusefp.o(.text) for __I$use$fp
    atan.o(i.__softfp_atan) refers (Special) to iusefp.o(.text) for __I$use$fp
    atan.o(i.__softfp_atan) refers to atan.o(i.atan) for atan
    atan.o(i.atan) refers (Special) to iusefp.o(.text) for __I$use$fp
    atan.o(i.atan) refers to dunder.o(i.__mathlib_dbl_infnan) for __mathlib_dbl_infnan
    atan.o(i.atan) refers to fpclassify.o(i.__ARM_fpclassify) for __ARM_fpclassify
    atan.o(i.atan) refers to dunder.o(i.__mathlib_dbl_underflow) for __mathlib_dbl_underflow
    atan.o(i.atan) refers to dadd.o(.text) for __aeabi_dadd
    atan.o(i.atan) refers to dscalb.o(.text) for __ARM_scalbn
    atan.o(i.atan) refers to ddiv.o(.text) for __aeabi_ddiv
    atan.o(i.atan) refers to dmul.o(.text) for __aeabi_dmul
    atan.o(i.atan) refers to poly.o(i.__kernel_poly) for __kernel_poly
    atan.o(i.atan) refers to atan.o(.constdata) for .constdata
    atan.o(.constdata) refers (Special) to iusefp.o(.text) for __I$use$fp
    atan_x.o(i.____softfp_atan$lsc) refers (Special) to iusefp.o(.text) for __I$use$fp
    atan_x.o(i.____softfp_atan$lsc) refers to atan_x.o(i.__atan$lsc) for __atan$lsc
    atan_x.o(i.__atan$lsc) refers (Special) to iusefp.o(.text) for __I$use$fp
    atan_x.o(i.__atan$lsc) refers to dunder.o(i.__mathlib_dbl_infnan) for __mathlib_dbl_infnan
    atan_x.o(i.__atan$lsc) refers to dadd.o(.text) for __aeabi_dadd
    atan_x.o(i.__atan$lsc) refers to dscalb.o(.text) for __ARM_scalbn
    atan_x.o(i.__atan$lsc) refers to ddiv.o(.text) for __aeabi_ddiv
    atan_x.o(i.__atan$lsc) refers to dmul.o(.text) for __aeabi_dmul
    atan_x.o(i.__atan$lsc) refers to poly.o(i.__kernel_poly) for __kernel_poly
    atan_x.o(i.__atan$lsc) refers to atan_x.o(.constdata) for .constdata
    atan_x.o(.constdata) refers (Special) to iusefp.o(.text) for __I$use$fp
    dunder.o(i.__mathlib_dbl_divzero) refers to ddiv.o(.text) for __aeabi_ddiv
    dunder.o(i.__mathlib_dbl_infnan) refers to dscalb.o(.text) for __ARM_scalbn
    dunder.o(i.__mathlib_dbl_infnan2) refers to dadd.o(.text) for __aeabi_dadd
    dunder.o(i.__mathlib_dbl_invalid) refers to ddiv.o(.text) for __aeabi_ddiv
    dunder.o(i.__mathlib_dbl_overflow) refers to dscalb.o(.text) for __ARM_scalbn
    dunder.o(i.__mathlib_dbl_posinfnan) refers to dmul.o(.text) for __aeabi_dmul
    dunder.o(i.__mathlib_dbl_underflow) refers to dscalb.o(.text) for __ARM_scalbn
    fpclassify.o(i.__ARM_fpclassify) refers (Special) to iusefp.o(.text) for __I$use$fp
    poly.o(i.__kernel_poly) refers (Special) to iusefp.o(.text) for __I$use$fp
    poly.o(i.__kernel_poly) refers to dmul.o(.text) for __aeabi_dmul
    poly.o(i.__kernel_poly) refers to dadd.o(.text) for __aeabi_dadd
    qnan.o(.constdata) refers (Special) to iusefp.o(.text) for __I$use$fp
    sqrt.o(i.__softfp_sqrt) refers (Special) to iusefp.o(.text) for __I$use$fp
    sqrt.o(i.__softfp_sqrt) refers to dsqrt.o(.text) for _dsqrt
    sqrt.o(i.__softfp_sqrt) refers to errno.o(i.__set_errno) for __set_errno
    sqrt.o(i.sqrt) refers (Special) to iusefp.o(.text) for __I$use$fp
    sqrt.o(i.sqrt) refers to dsqrt.o(.text) for _dsqrt
    sqrt.o(i.sqrt) refers to errno.o(i.__set_errno) for __set_errno
    sqrt_x.o(i.____softfp_sqrt$lsc) refers (Special) to iusefp.o(.text) for __I$use$fp
    sqrt_x.o(i.____softfp_sqrt$lsc) refers to cdcmple.o(.text) for __aeabi_cdcmple
    sqrt_x.o(i.____softfp_sqrt$lsc) refers to errno.o(i.__set_errno) for __set_errno
    sqrt_x.o(i.____softfp_sqrt$lsc) refers to dsqrt.o(.text) for _dsqrt
    sqrt_x.o(i.__sqrt$lsc) refers (Special) to iusefp.o(.text) for __I$use$fp
    sqrt_x.o(i.__sqrt$lsc) refers to cdcmple.o(.text) for __aeabi_cdcmple
    sqrt_x.o(i.__sqrt$lsc) refers to errno.o(i.__set_errno) for __set_errno
    sqrt_x.o(i.__sqrt$lsc) refers to dsqrt.o(.text) for _dsqrt
    entry2.o(.ARM.Collect$$$$00000001) refers to entry2.o(.ARM.Collect$$$$00002712) for __lit__00000000
    entry2.o(.ARM.Collect$$$$00002712) refers to startup_stm32f10x_hd.o(STACK) for __initial_sp
    entry2.o(__vectab_stack_and_reset_area) refers to startup_stm32f10x_hd.o(STACK) for __initial_sp
    entry2.o(__vectab_stack_and_reset_area) refers to entry.o(.ARM.Collect$$$$00000000) for __main
    entry5.o(.ARM.Collect$$$$00000004) refers to init.o(.text) for __scatterload
    entry9a.o(.ARM.Collect$$$$0000000B) refers to main.o(i.main) for main
    entry9b.o(.ARM.Collect$$$$0000000C) refers to main.o(i.main) for main
    uldiv.o(.text) refers to llushr.o(.text) for __aeabi_llsr
    uldiv.o(.text) refers to llshl.o(.text) for __aeabi_llsl
    errno.o(i.__aeabi_errno_addr) refers to errno.o(.data) for .data
    errno.o(i.__read_errno) refers to errno.o(.data) for .data
    errno.o(i.__set_errno) refers to errno.o(.data) for .data
    depilogue.o(.text) refers to llshl.o(.text) for __aeabi_llsl
    depilogue.o(.text) refers to llushr.o(.text) for __aeabi_llsr
    init.o(.text) refers to entry5.o(.ARM.Collect$$$$00000004) for __main_after_scatterload
    dsqrt.o(.text) refers to llushr.o(.text) for __aeabi_llsr
    dsqrt.o(.text) refers to depilogue.o(.text) for _double_round


==============================================================================

Removing Unused input sections from the image.

    Removing stm32f10x_gpio.o(i.GPIO_AFIODeInit), (20 bytes).
    Removing stm32f10x_gpio.o(i.GPIO_DeInit), (200 bytes).
    Removing stm32f10x_gpio.o(i.GPIO_ETH_MediaInterfaceConfig), (12 bytes).
    Removing stm32f10x_gpio.o(i.GPIO_EXTILineConfig), (64 bytes).
    Removing stm32f10x_gpio.o(i.GPIO_EventOutputCmd), (12 bytes).
    Removing stm32f10x_gpio.o(i.GPIO_EventOutputConfig), (32 bytes).
    Removing stm32f10x_gpio.o(i.GPIO_PinLockConfig), (18 bytes).
    Removing stm32f10x_gpio.o(i.GPIO_ReadInputData), (8 bytes).
    Removing stm32f10x_gpio.o(i.GPIO_ReadInputDataBit), (18 bytes).
    Removing stm32f10x_gpio.o(i.GPIO_ReadOutputData), (8 bytes).
    Removing stm32f10x_gpio.o(i.GPIO_ReadOutputDataBit), (18 bytes).
    Removing stm32f10x_gpio.o(i.GPIO_ResetBits), (4 bytes).
    Removing stm32f10x_gpio.o(i.GPIO_SetBits), (4 bytes).
    Removing stm32f10x_gpio.o(i.GPIO_StructInit), (16 bytes).
    Removing stm32f10x_gpio.o(i.GPIO_Write), (4 bytes).
    Removing stm32f10x_rcc.o(i.RCC_ADCCLKConfig), (24 bytes).
    Removing stm32f10x_rcc.o(i.RCC_AHBPeriphClockCmd), (32 bytes).
    Removing stm32f10x_rcc.o(i.RCC_APB1PeriphClockCmd), (32 bytes).
    Removing stm32f10x_rcc.o(i.RCC_APB1PeriphResetCmd), (32 bytes).
    Removing stm32f10x_rcc.o(i.RCC_APB2PeriphResetCmd), (32 bytes).
    Removing stm32f10x_rcc.o(i.RCC_AdjustHSICalibrationValue), (24 bytes).
    Removing stm32f10x_rcc.o(i.RCC_BackupResetCmd), (12 bytes).
    Removing stm32f10x_rcc.o(i.RCC_ClearFlag), (20 bytes).
    Removing stm32f10x_rcc.o(i.RCC_ClearITPendingBit), (12 bytes).
    Removing stm32f10x_rcc.o(i.RCC_ClockSecuritySystemCmd), (12 bytes).
    Removing stm32f10x_rcc.o(i.RCC_DeInit), (76 bytes).
    Removing stm32f10x_rcc.o(i.RCC_GetFlagStatus), (60 bytes).
    Removing stm32f10x_rcc.o(i.RCC_GetITStatus), (24 bytes).
    Removing stm32f10x_rcc.o(i.RCC_GetSYSCLKSource), (16 bytes).
    Removing stm32f10x_rcc.o(i.RCC_HCLKConfig), (24 bytes).
    Removing stm32f10x_rcc.o(i.RCC_HSEConfig), (76 bytes).
    Removing stm32f10x_rcc.o(i.RCC_HSICmd), (12 bytes).
    Removing stm32f10x_rcc.o(i.RCC_ITConfig), (32 bytes).
    Removing stm32f10x_rcc.o(i.RCC_LSEConfig), (52 bytes).
    Removing stm32f10x_rcc.o(i.RCC_LSICmd), (12 bytes).
    Removing stm32f10x_rcc.o(i.RCC_MCOConfig), (12 bytes).
    Removing stm32f10x_rcc.o(i.RCC_PCLK1Config), (24 bytes).
    Removing stm32f10x_rcc.o(i.RCC_PCLK2Config), (24 bytes).
    Removing stm32f10x_rcc.o(i.RCC_PLLCmd), (12 bytes).
    Removing stm32f10x_rcc.o(i.RCC_PLLConfig), (28 bytes).
    Removing stm32f10x_rcc.o(i.RCC_RTCCLKCmd), (12 bytes).
    Removing stm32f10x_rcc.o(i.RCC_RTCCLKConfig), (16 bytes).
    Removing stm32f10x_rcc.o(i.RCC_SYSCLKConfig), (24 bytes).
    Removing stm32f10x_rcc.o(i.RCC_USBCLKConfig), (12 bytes).
    Removing stm32f10x_rcc.o(i.RCC_WaitForHSEStartUp), (56 bytes).
    Removing stm32f10x_usart.o(i.USART_ClearFlag), (18 bytes).
    Removing stm32f10x_usart.o(i.USART_ClockInit), (34 bytes).
    Removing stm32f10x_usart.o(i.USART_ClockStructInit), (12 bytes).
    Removing stm32f10x_usart.o(i.USART_DMACmd), (18 bytes).
    Removing stm32f10x_usart.o(i.USART_DeInit), (156 bytes).
    Removing stm32f10x_usart.o(i.USART_GetFlagStatus), (26 bytes).
    Removing stm32f10x_usart.o(i.USART_HalfDuplexCmd), (24 bytes).
    Removing stm32f10x_usart.o(i.USART_IrDACmd), (24 bytes).
    Removing stm32f10x_usart.o(i.USART_IrDAConfig), (18 bytes).
    Removing stm32f10x_usart.o(i.USART_LINBreakDetectLengthConfig), (18 bytes).
    Removing stm32f10x_usart.o(i.USART_LINCmd), (24 bytes).
    Removing stm32f10x_usart.o(i.USART_OneBitMethodCmd), (24 bytes).
    Removing stm32f10x_usart.o(i.USART_OverSampling8Cmd), (22 bytes).
    Removing stm32f10x_usart.o(i.USART_ReceiveData), (10 bytes).
    Removing stm32f10x_usart.o(i.USART_ReceiverWakeUpCmd), (24 bytes).
    Removing stm32f10x_usart.o(i.USART_SendBreak), (10 bytes).
    Removing stm32f10x_usart.o(i.USART_SendData), (8 bytes).
    Removing stm32f10x_usart.o(i.USART_SetAddress), (18 bytes).
    Removing stm32f10x_usart.o(i.USART_SetGuardTime), (16 bytes).
    Removing stm32f10x_usart.o(i.USART_SetPrescaler), (16 bytes).
    Removing stm32f10x_usart.o(i.USART_SmartCardCmd), (24 bytes).
    Removing stm32f10x_usart.o(i.USART_SmartCardNACKCmd), (24 bytes).
    Removing stm32f10x_usart.o(i.USART_StructInit), (24 bytes).
    Removing stm32f10x_usart.o(i.USART_WakeUpConfig), (18 bytes).
    Removing misc.o(i.NVIC_SetVectorTable), (20 bytes).
    Removing misc.o(i.NVIC_SystemLPConfig), (32 bytes).
    Removing misc.o(i.SysTick_CLKSourceConfig), (40 bytes).
    Removing fifo.o(i.initQueue), (20 bytes).
    Removing delay.o(i.Delay_s), (24 bytes).
    Removing delay.o(i.delay_s), (12 bytes).
    Removing delay.o(i.delay_us), (12 bytes).
    Removing oled.o(i.OLED_ShowBinNum), (62 bytes).
    Removing oled.o(i.OLED_ShowHexNum), (84 bytes).
    Removing oled.o(i.OLED_ShowSignedNum), (102 bytes).
    Removing oled.o(i.OLED_ShowString), (40 bytes).
    Removing move.o(i.Move_Backward), (16 bytes).
    Removing move.o(i.Move_Enable), (80 bytes).
    Removing move.o(i.Move_Forward), (120 bytes).
    Removing move.o(i.Move_Init), (36 bytes).
    Removing move.o(i.Move_Rotate_Left), (124 bytes).
    Removing move.o(i.Move_Rotate_Right), (16 bytes).
    Removing move.o(i.Move_SetWheelSpeeds), (280 bytes).
    Removing move.o(i.Move_Stop), (20 bytes).
    Removing move.o(i.Move_Strafe_Left), (120 bytes).
    Removing move.o(i.Move_Strafe_Right), (16 bytes).
    Removing move.o(i.clamp_speed), (44 bytes).
    Removing move.o(.bss), (16 bytes).
    Removing move.o(.data), (1 bytes).
    Removing inv_mpu.o(i.MPU6050_DMP_Get_Data), (548 bytes).
    Removing inv_mpu.o(i.MPU6050_DMP_Init), (80 bytes).
    Removing inv_mpu.o(i.accel_self_test), (168 bytes).
    Removing inv_mpu.o(i.get_accel_prod_shift), (180 bytes).
    Removing inv_mpu.o(i.get_ms), (2 bytes).
    Removing inv_mpu.o(i.get_st_biases), (1136 bytes).
    Removing inv_mpu.o(i.gyro_self_test), (272 bytes).
    Removing inv_mpu.o(i.inv_orientation_matrix_to_scalar), (40 bytes).
    Removing inv_mpu.o(i.inv_row_2_scale), (78 bytes).
    Removing inv_mpu.o(i.mpu_configure_fifo), (112 bytes).
    Removing inv_mpu.o(i.mpu_get_accel_fsr), (76 bytes).
    Removing inv_mpu.o(i.mpu_get_accel_reg), (116 bytes).
    Removing inv_mpu.o(i.mpu_get_accel_sens), (84 bytes).
    Removing inv_mpu.o(i.mpu_get_compass_fsr), (8 bytes).
    Removing inv_mpu.o(i.mpu_get_compass_reg), (8 bytes).
    Removing inv_mpu.o(i.mpu_get_compass_sample_rate), (10 bytes).
    Removing inv_mpu.o(i.mpu_get_dmp_state), (20 bytes).
    Removing inv_mpu.o(i.mpu_get_fifo_config), (16 bytes).
    Removing inv_mpu.o(i.mpu_get_gyro_fsr), (68 bytes).
    Removing inv_mpu.o(i.mpu_get_gyro_reg), (108 bytes).
    Removing inv_mpu.o(i.mpu_get_gyro_sens), (80 bytes).
    Removing inv_mpu.o(i.mpu_get_int_status), (68 bytes).
    Removing inv_mpu.o(i.mpu_get_lpf), (80 bytes).
    Removing inv_mpu.o(i.mpu_get_power_state), (28 bytes).
    Removing inv_mpu.o(i.mpu_get_sample_rate), (32 bytes).
    Removing inv_mpu.o(i.mpu_get_temperature), (160 bytes).
    Removing inv_mpu.o(i.mpu_init), (400 bytes).
    Removing inv_mpu.o(i.mpu_load_firmware), (184 bytes).
    Removing inv_mpu.o(i.mpu_lp_accel_mode), (224 bytes).
    Removing inv_mpu.o(i.mpu_lp_motion_interrupt), (516 bytes).
    Removing inv_mpu.o(i.mpu_read_fifo), (504 bytes).
    Removing inv_mpu.o(i.mpu_read_fifo_stream), (192 bytes).
    Removing inv_mpu.o(i.mpu_read_mem), (128 bytes).
    Removing inv_mpu.o(i.mpu_read_reg), (72 bytes).
    Removing inv_mpu.o(i.mpu_reg_dump), (76 bytes).
    Removing inv_mpu.o(i.mpu_reset_fifo), (456 bytes).
    Removing inv_mpu.o(i.mpu_run_self_test), (284 bytes).
    Removing inv_mpu.o(i.mpu_set_accel_bias), (384 bytes).
    Removing inv_mpu.o(i.mpu_set_accel_fsr), (132 bytes).
    Removing inv_mpu.o(i.mpu_set_bypass), (332 bytes).
    Removing inv_mpu.o(i.mpu_set_compass_sample_rate), (8 bytes).
    Removing inv_mpu.o(i.mpu_set_dmp_state), (144 bytes).
    Removing inv_mpu.o(i.mpu_set_gyro_fsr), (136 bytes).
    Removing inv_mpu.o(i.mpu_set_int_latched), (108 bytes).
    Removing inv_mpu.o(i.mpu_set_int_level), (16 bytes).
    Removing inv_mpu.o(i.mpu_set_lpf), (132 bytes).
    Removing inv_mpu.o(i.mpu_set_sample_rate), (156 bytes).
    Removing inv_mpu.o(i.mpu_set_sensors), (208 bytes).
    Removing inv_mpu.o(i.mpu_write_mem), (128 bytes).
    Removing inv_mpu.o(i.run_self_test), (148 bytes).
    Removing inv_mpu.o(i.set_int_enable), (144 bytes).
    Removing inv_mpu.o(.constdata), (80 bytes).
    Removing inv_mpu.o(.data), (53 bytes).
    Removing inv_mpu_dmp_motion_driver.o(i.decode_gesture), (100 bytes).
    Removing inv_mpu_dmp_motion_driver.o(i.dmp_enable_6x_lp_quat), (60 bytes).
    Removing inv_mpu_dmp_motion_driver.o(i.dmp_enable_feature), (540 bytes).
    Removing inv_mpu_dmp_motion_driver.o(i.dmp_enable_gyro_cal), (88 bytes).
    Removing inv_mpu_dmp_motion_driver.o(i.dmp_enable_lp_quat), (60 bytes).
    Removing inv_mpu_dmp_motion_driver.o(i.dmp_get_enabled_features), (16 bytes).
    Removing inv_mpu_dmp_motion_driver.o(i.dmp_get_fifo_rate), (16 bytes).
    Removing inv_mpu_dmp_motion_driver.o(i.dmp_get_pedometer_step_count), (66 bytes).
    Removing inv_mpu_dmp_motion_driver.o(i.dmp_get_pedometer_walk_time), (72 bytes).
    Removing inv_mpu_dmp_motion_driver.o(i.dmp_load_motion_driver_firmware), (24 bytes).
    Removing inv_mpu_dmp_motion_driver.o(i.dmp_read_fifo), (456 bytes).
    Removing inv_mpu_dmp_motion_driver.o(i.dmp_register_android_orient_cb), (16 bytes).
    Removing inv_mpu_dmp_motion_driver.o(i.dmp_register_tap_cb), (16 bytes).
    Removing inv_mpu_dmp_motion_driver.o(i.dmp_set_accel_bias), (304 bytes).
    Removing inv_mpu_dmp_motion_driver.o(i.dmp_set_fifo_rate), (112 bytes).
    Removing inv_mpu_dmp_motion_driver.o(i.dmp_set_gyro_bias), (304 bytes).
    Removing inv_mpu_dmp_motion_driver.o(i.dmp_set_interrupt_mode), (92 bytes).
    Removing inv_mpu_dmp_motion_driver.o(i.dmp_set_orientation), (312 bytes).
    Removing inv_mpu_dmp_motion_driver.o(i.dmp_set_pedometer_step_count), (42 bytes).
    Removing inv_mpu_dmp_motion_driver.o(i.dmp_set_pedometer_walk_time), (48 bytes).
    Removing inv_mpu_dmp_motion_driver.o(i.dmp_set_shake_reject_thresh), (56 bytes).
    Removing inv_mpu_dmp_motion_driver.o(i.dmp_set_shake_reject_time), (38 bytes).
    Removing inv_mpu_dmp_motion_driver.o(i.dmp_set_shake_reject_timeout), (38 bytes).
    Removing inv_mpu_dmp_motion_driver.o(i.dmp_set_tap_axes), (70 bytes).
    Removing inv_mpu_dmp_motion_driver.o(i.dmp_set_tap_count), (38 bytes).
    Removing inv_mpu_dmp_motion_driver.o(i.dmp_set_tap_thresh), (416 bytes).
    Removing inv_mpu_dmp_motion_driver.o(i.dmp_set_tap_time), (38 bytes).
    Removing inv_mpu_dmp_motion_driver.o(i.dmp_set_tap_time_multi), (38 bytes).
    Removing inv_mpu_dmp_motion_driver.o(.bss), (16 bytes).
    Removing inv_mpu_dmp_motion_driver.o(.constdata), (3062 bytes).
    Removing mpu6050.o(i.MPU6050_Init), (114 bytes).
    Removing mpu6050.o(i.MPU_Get_Accelerometer), (80 bytes).
    Removing mpu6050.o(i.MPU_Get_Gyroscope), (80 bytes).
    Removing mpu6050.o(i.MPU_Get_Temperature), (104 bytes).
    Removing mpu6050.o(i.MPU_Set_Accel_Fsr), (18 bytes).
    Removing mpu6050.o(i.MPU_Set_Gyro_Fsr), (18 bytes).
    Removing mpu6050.o(i.MPU_Set_LPF), (60 bytes).
    Removing mpu6050.o(i.MPU_Set_Rate), (56 bytes).
    Removing mpu6050.o(i.mpu6050_read), (92 bytes).
    Removing mpu6050.o(i.mpu6050_read_reg), (22 bytes).
    Removing mpu6050.o(i.mpu6050_write), (68 bytes).
    Removing mpu6050.o(i.mpu6050_write_reg), (18 bytes).
    Removing mpu6050_i2c.o(i.MPU6050_IIC_IO_Init), (44 bytes).
    Removing mpu6050_i2c.o(i.MPU6050_IIC_Read_Ack), (80 bytes).
    Removing mpu6050_i2c.o(i.MPU6050_IIC_Read_Byte), (96 bytes).
    Removing mpu6050_i2c.o(i.MPU6050_IIC_SDA_IO_IN), (28 bytes).
    Removing mpu6050_i2c.o(i.MPU6050_IIC_SDA_IO_OUT), (24 bytes).
    Removing mpu6050_i2c.o(i.MPU6050_IIC_Send_Ack), (56 bytes).
    Removing mpu6050_i2c.o(i.MPU6050_IIC_Send_Byte), (100 bytes).
    Removing mpu6050_i2c.o(i.MPU6050_IIC_Start), (56 bytes).
    Removing mpu6050_i2c.o(i.MPU6050_IIC_Stop), (60 bytes).
    Removing core_cm3.o(.emb_text), (32 bytes).
    Removing startup_stm32f10x_hd.o(HEAP), (512 bytes).
    Removing system_stm32f10x.o(i.SystemCoreClockUpdate), (164 bytes).
    Removing system_stm32f10x.o(.data), (20 bytes).
    Removing zdt_x42_v2.o(i.ZDT_X42_V2_Bypass_Position_LV_Control), (220 bytes).
    Removing zdt_x42_v2.o(i.ZDT_X42_V2_En_Control), (58 bytes).
    Removing zdt_x42_v2.o(i.ZDT_X42_V2_Modify_Ctrl_Mode), (58 bytes).
    Removing zdt_x42_v2.o(i.ZDT_X42_V2_Origin_Interrupt), (46 bytes).
    Removing zdt_x42_v2.o(i.ZDT_X42_V2_Origin_Modify_Params), (170 bytes).
    Removing zdt_x42_v2.o(i.ZDT_X42_V2_Origin_Set_O), (52 bytes).
    Removing zdt_x42_v2.o(i.ZDT_X42_V2_Origin_Trigger_Return), (52 bytes).
    Removing zdt_x42_v2.o(i.ZDT_X42_V2_Reset_Clog_Pro), (46 bytes).
    Removing zdt_x42_v2.o(i.ZDT_X42_V2_Reset_CurPos_To_Zero), (46 bytes).
    Removing zdt_x42_v2.o(i.ZDT_X42_V2_Stop_Now), (52 bytes).
    Removing zdt_x42_v2.o(i.ZDT_X42_V2_Torque_Control), (86 bytes).
    Removing zdt_x42_v2.o(i.ZDT_X42_V2_Traj_Position_Control), (244 bytes).
    Removing sys.o(.emb_text), (6 bytes).
    Removing sys.o(i.INTX_DISABLE), (4 bytes).
    Removing sys.o(i.INTX_ENABLE), (4 bytes).
    Removing sys.o(i.My_GPIO_Init), (176 bytes).
    Removing sys.o(i.WFI_SET), (4 bytes).
    Removing sys.o(i.log_2), (30 bytes).
    Removing sys.o(i.power), (20 bytes).
    Removing fadd.o(.text), (176 bytes).
    Removing fdiv.o(.text), (124 bytes).
    Removing dadd.o(.text), (334 bytes).
    Removing dmul.o(.text), (228 bytes).
    Removing ddiv.o(.text), (222 bytes).
    Removing fflti.o(.text), (18 bytes).
    Removing dflti.o(.text), (34 bytes).
    Removing ffixi.o(.text), (50 bytes).
    Removing f2d.o(.text), (38 bytes).
    Removing d2f.o(.text), (56 bytes).
    Removing cfcmple.o(.text), (20 bytes).
    Removing depilogue.o(.text), (186 bytes).
    Removing dscalb.o(.text), (46 bytes).
    Removing dsqrt.o(.text), (162 bytes).
    Removing cdcmple.o(.text), (48 bytes).

235 unused section(s) (total 23816 bytes) removed from the image.

==============================================================================

Image Symbol Table

    Local Symbols

    Symbol Name                              Value     Ov Type        Size  Object(Section)

    ../APP/main.c                            0x00000000   Number         0  main.o ABSOLUTE
    ../APP/stm32f10x_it.c                    0x00000000   Number         0  stm32f10x_it.o ABSOLUTE
    ../BSP/ZDT_X42_V2.c                      0x00000000   Number         0  zdt_x42_v2.o ABSOLUTE
    ../BSP/board.c                           0x00000000   Number         0  board.o ABSOLUTE
    ../BSP/usart.c                           0x00000000   Number         0  usart.o ABSOLUTE
    ../CMSIS/core_cm3.c                      0x00000000   Number         0  core_cm3.o ABSOLUTE
    ../CMSIS/startup_stm32f10x_hd.s          0x00000000   Number         0  startup_stm32f10x_hd.o ABSOLUTE
    ../CMSIS/system_stm32f10x.c              0x00000000   Number         0  system_stm32f10x.o ABSOLUTE
    ../DRIVERS/OLED.c                        0x00000000   Number         0  oled.o ABSOLUTE
    ../DRIVERS/delay.c                       0x00000000   Number         0  delay.o ABSOLUTE
    ../DRIVERS/fifo.c                        0x00000000   Number         0  fifo.o ABSOLUTE
    ../LIB/STM32F10x_StdPeriph_Lib_V3.5.0/src/misc.c 0x00000000   Number         0  misc.o ABSOLUTE
    ../LIB/STM32F10x_StdPeriph_Lib_V3.5.0/src/stm32f10x_gpio.c 0x00000000   Number         0  stm32f10x_gpio.o ABSOLUTE
    ../LIB/STM32F10x_StdPeriph_Lib_V3.5.0/src/stm32f10x_rcc.c 0x00000000   Number         0  stm32f10x_rcc.o ABSOLUTE
    ../LIB/STM32F10x_StdPeriph_Lib_V3.5.0/src/stm32f10x_usart.c 0x00000000   Number         0  stm32f10x_usart.o ABSOLUTE
    ../clib/microlib/division.c              0x00000000   Number         0  uldiv.o ABSOLUTE
    ../clib/microlib/division.c              0x00000000   Number         0  ldiv.o ABSOLUTE
    ../clib/microlib/errno.c                 0x00000000   Number         0  errno.o ABSOLUTE
    ../clib/microlib/init/entry.s            0x00000000   Number         0  entry2.o ABSOLUTE
    ../clib/microlib/init/entry.s            0x00000000   Number         0  entry10b.o ABSOLUTE
    ../clib/microlib/init/entry.s            0x00000000   Number         0  entry11a.o ABSOLUTE
    ../clib/microlib/init/entry.s            0x00000000   Number         0  entry10a.o ABSOLUTE
    ../clib/microlib/init/entry.s            0x00000000   Number         0  entry9b.o ABSOLUTE
    ../clib/microlib/init/entry.s            0x00000000   Number         0  entry9a.o ABSOLUTE
    ../clib/microlib/init/entry.s            0x00000000   Number         0  entry8b.o ABSOLUTE
    ../clib/microlib/init/entry.s            0x00000000   Number         0  entry.o ABSOLUTE
    ../clib/microlib/init/entry.s            0x00000000   Number         0  entry11b.o ABSOLUTE
    ../clib/microlib/init/entry.s            0x00000000   Number         0  entry8a.o ABSOLUTE
    ../clib/microlib/init/entry.s            0x00000000   Number         0  entry7b.o ABSOLUTE
    ../clib/microlib/init/entry.s            0x00000000   Number         0  entry7a.o ABSOLUTE
    ../clib/microlib/init/entry.s            0x00000000   Number         0  entry5.o ABSOLUTE
    ../clib/microlib/longlong.c              0x00000000   Number         0  llshl.o ABSOLUTE
    ../clib/microlib/longlong.c              0x00000000   Number         0  llsshr.o ABSOLUTE
    ../clib/microlib/longlong.c              0x00000000   Number         0  llushr.o ABSOLUTE
    ../clib/microlib/string/memcmp.c         0x00000000   Number         0  memcmp.o ABSOLUTE
    ../clib/microlib/string/memcpy.c         0x00000000   Number         0  memcpyb.o ABSOLUTE
    ../clib/microlib/string/memcpy.c         0x00000000   Number         0  memcpya.o ABSOLUTE
    ../clib/microlib/string/memset.c         0x00000000   Number         0  memseta.o ABSOLUTE
    ../clib/microlib/stubs.s                 0x00000000   Number         0  iusefp.o ABSOLUTE
    ../fplib/microlib/d2f.c                  0x00000000   Number         0  d2f.o ABSOLUTE
    ../fplib/microlib/f2d.c                  0x00000000   Number         0  f2d.o ABSOLUTE
    ../fplib/microlib/fpadd.c                0x00000000   Number         0  dadd.o ABSOLUTE
    ../fplib/microlib/fpadd.c                0x00000000   Number         0  fadd.o ABSOLUTE
    ../fplib/microlib/fpdiv.c                0x00000000   Number         0  ddiv.o ABSOLUTE
    ../fplib/microlib/fpdiv.c                0x00000000   Number         0  fdiv.o ABSOLUTE
    ../fplib/microlib/fpepilogue.c           0x00000000   Number         0  fepilogue.o ABSOLUTE
    ../fplib/microlib/fpepilogue.c           0x00000000   Number         0  depilogue.o ABSOLUTE
    ../fplib/microlib/fpfix.c                0x00000000   Number         0  ffixi.o ABSOLUTE
    ../fplib/microlib/fpfix.c                0x00000000   Number         0  ffixui.o ABSOLUTE
    ../fplib/microlib/fpflt.c                0x00000000   Number         0  ffltui.o ABSOLUTE
    ../fplib/microlib/fpflt.c                0x00000000   Number         0  fflti.o ABSOLUTE
    ../fplib/microlib/fpflt.c                0x00000000   Number         0  dflti.o ABSOLUTE
    ../fplib/microlib/fpmul.c                0x00000000   Number         0  fmul.o ABSOLUTE
    ../fplib/microlib/fpmul.c                0x00000000   Number         0  dmul.o ABSOLUTE
    ../fplib/microlib/fpscalb.c              0x00000000   Number         0  dscalb.o ABSOLUTE
    ../fplib/microlib/fpsqrt.c               0x00000000   Number         0  dsqrt.o ABSOLUTE
    ../mathlib/asin.c                        0x00000000   Number         0  asin.o ABSOLUTE
    ../mathlib/asin.c                        0x00000000   Number         0  asin_x.o ABSOLUTE
    ../mathlib/atan.c                        0x00000000   Number         0  atan.o ABSOLUTE
    ../mathlib/atan.c                        0x00000000   Number         0  atan_x.o ABSOLUTE
    ../mathlib/atan2.c                       0x00000000   Number         0  atan2_x.o ABSOLUTE
    ../mathlib/atan2.c                       0x00000000   Number         0  atan2.o ABSOLUTE
    ../mathlib/dunder.c                      0x00000000   Number         0  dunder.o ABSOLUTE
    ../mathlib/fpclassify.c                  0x00000000   Number         0  fpclassify.o ABSOLUTE
    ../mathlib/poly.c                        0x00000000   Number         0  poly.o ABSOLUTE
    ../mathlib/qnan.c                        0x00000000   Number         0  qnan.o ABSOLUTE
    ../mathlib/sqrt.c                        0x00000000   Number         0  sqrt.o ABSOLUTE
    ../mathlib/sqrt.c                        0x00000000   Number         0  sqrt_x.o ABSOLUTE
    ..\BSP\sys.c                             0x00000000   Number         0  sys.o ABSOLUTE
    ..\CMSIS\core_cm3.c                      0x00000000   Number         0  core_cm3.o ABSOLUTE
    ..\DRIVERS\MPU6050_I2C.c                 0x00000000   Number         0  mpu6050_i2c.o ABSOLUTE
    ..\DRIVERS\inv_mpu.c                     0x00000000   Number         0  inv_mpu.o ABSOLUTE
    ..\DRIVERS\inv_mpu_dmp_motion_driver.c   0x00000000   Number         0  inv_mpu_dmp_motion_driver.o ABSOLUTE
    ..\DRIVERS\move.c                        0x00000000   Number         0  move.o ABSOLUTE
    ..\DRIVERS\mpu6050.c                     0x00000000   Number         0  mpu6050.o ABSOLUTE
    ..\\BSP\\sys.c                           0x00000000   Number         0  sys.o ABSOLUTE
    cdcmple.s                                0x00000000   Number         0  cdcmple.o ABSOLUTE
    cfcmple.s                                0x00000000   Number         0  cfcmple.o ABSOLUTE
    cfrcmple.s                               0x00000000   Number         0  cfrcmple.o ABSOLUTE
    dc.s                                     0x00000000   Number         0  dc.o ABSOLUTE
    handlers.s                               0x00000000   Number         0  handlers.o ABSOLUTE
    init.s                                   0x00000000   Number         0  init.o ABSOLUTE
    RESET                                    0x08000000   Section      304  startup_stm32f10x_hd.o(RESET)
    .ARM.Collect$$$$00000000                 0x08000130   Section        0  entry.o(.ARM.Collect$$$$00000000)
    .ARM.Collect$$$$00000001                 0x08000130   Section        4  entry2.o(.ARM.Collect$$$$00000001)
    .ARM.Collect$$$$00000004                 0x08000134   Section        4  entry5.o(.ARM.Collect$$$$00000004)
    .ARM.Collect$$$$00000008                 0x08000138   Section        0  entry7b.o(.ARM.Collect$$$$00000008)
    .ARM.Collect$$$$0000000A                 0x08000138   Section        0  entry8b.o(.ARM.Collect$$$$0000000A)
    .ARM.Collect$$$$0000000B                 0x08000138   Section        8  entry9a.o(.ARM.Collect$$$$0000000B)
    .ARM.Collect$$$$0000000D                 0x08000140   Section        0  entry10a.o(.ARM.Collect$$$$0000000D)
    .ARM.Collect$$$$0000000F                 0x08000140   Section        0  entry11a.o(.ARM.Collect$$$$0000000F)
    .ARM.Collect$$$$00002712                 0x08000140   Section        4  entry2.o(.ARM.Collect$$$$00002712)
    __lit__00000000                          0x08000140   Data           4  entry2.o(.ARM.Collect$$$$00002712)
    .text                                    0x08000144   Section       36  startup_stm32f10x_hd.o(.text)
    .text                                    0x08000168   Section        0  memseta.o(.text)
    .text                                    0x0800018c   Section        0  fmul.o(.text)
    .text                                    0x080001f0   Section        0  ffltui.o(.text)
    .text                                    0x080001fa   Section        0  ffixui.o(.text)
    .text                                    0x08000224   Section       20  cfrcmple.o(.text)
    .text                                    0x08000238   Section        0  iusefp.o(.text)
    .text                                    0x08000238   Section        0  fepilogue.o(.text)
    .text                                    0x080002a8   Section       36  init.o(.text)
    i.BusFault_Handler                       0x080002cc   Section        0  stm32f10x_it.o(i.BusFault_Handler)
    i.DebugMon_Handler                       0x080002d0   Section        0  stm32f10x_it.o(i.DebugMon_Handler)
    i.Delay_ms                               0x080002d2   Section        0  delay.o(i.Delay_ms)
    i.Delay_us                               0x080002ea   Section        0  delay.o(i.Delay_us)
    i.GPIO_Init                              0x08000318   Section        0  stm32f10x_gpio.o(i.GPIO_Init)
    i.GPIO_PinRemapConfig                    0x08000430   Section        0  stm32f10x_gpio.o(i.GPIO_PinRemapConfig)
    i.GPIO_WriteBit                          0x080004c0   Section        0  stm32f10x_gpio.o(i.GPIO_WriteBit)
    i.HardFault_Handler                      0x080004ca   Section        0  stm32f10x_it.o(i.HardFault_Handler)
    i.MemManage_Handler                      0x080004ce   Section        0  stm32f10x_it.o(i.MemManage_Handler)
    i.NMI_Handler                            0x080004d2   Section        0  stm32f10x_it.o(i.NMI_Handler)
    i.NVIC_Init                              0x080004d4   Section        0  misc.o(i.NVIC_Init)
    i.NVIC_PriorityGroupConfig               0x08000544   Section        0  misc.o(i.NVIC_PriorityGroupConfig)
    i.OLED_Clear                             0x08000558   Section        0  oled.o(i.OLED_Clear)
    i.OLED_I2C_Init                          0x08000584   Section        0  oled.o(i.OLED_I2C_Init)
    i.OLED_I2C_SendByte                      0x080005d4   Section        0  oled.o(i.OLED_I2C_SendByte)
    i.OLED_I2C_Start                         0x08000630   Section        0  oled.o(i.OLED_I2C_Start)
    i.OLED_I2C_Stop                          0x08000664   Section        0  oled.o(i.OLED_I2C_Stop)
    i.OLED_Init                              0x0800068c   Section        0  oled.o(i.OLED_Init)
    i.OLED_Pow                               0x0800073a   Section        0  oled.o(i.OLED_Pow)
    i.OLED_SetCursor                         0x0800074e   Section        0  oled.o(i.OLED_SetCursor)
    i.OLED_ShowChar                          0x08000770   Section        0  oled.o(i.OLED_ShowChar)
    i.OLED_ShowNum                           0x080007e4   Section        0  oled.o(i.OLED_ShowNum)
    i.OLED_WriteCommand                      0x08000828   Section        0  oled.o(i.OLED_WriteCommand)
    i.OLED_WriteData                         0x08000848   Section        0  oled.o(i.OLED_WriteData)
    i.PendSV_Handler                         0x08000868   Section        0  stm32f10x_it.o(i.PendSV_Handler)
    i.RCC_APB2PeriphClockCmd                 0x0800086c   Section        0  stm32f10x_rcc.o(i.RCC_APB2PeriphClockCmd)
    i.RCC_GetClocksFreq                      0x0800088c   Section        0  stm32f10x_rcc.o(i.RCC_GetClocksFreq)
    i.SVC_Handler                            0x08000960   Section        0  stm32f10x_it.o(i.SVC_Handler)
    i.SetSysClock                            0x08000962   Section        0  system_stm32f10x.o(i.SetSysClock)
    SetSysClock                              0x08000963   Thumb Code     8  system_stm32f10x.o(i.SetSysClock)
    i.SetSysClockTo72                        0x0800096c   Section        0  system_stm32f10x.o(i.SetSysClockTo72)
    SetSysClockTo72                          0x0800096d   Thumb Code   214  system_stm32f10x.o(i.SetSysClockTo72)
    i.SysTick_Handler                        0x08000a4c   Section        0  stm32f10x_it.o(i.SysTick_Handler)
    i.SystemInit                             0x08000a50   Section        0  system_stm32f10x.o(i.SystemInit)
    i.USART1_IRQHandler                      0x08000ab0   Section        0  usart.o(i.USART1_IRQHandler)
    i.USART_ClearITPendingBit                0x08000b38   Section        0  stm32f10x_usart.o(i.USART_ClearITPendingBit)
    i.USART_Cmd                              0x08000b56   Section        0  stm32f10x_usart.o(i.USART_Cmd)
    i.USART_GetITStatus                      0x08000b6e   Section        0  stm32f10x_usart.o(i.USART_GetITStatus)
    i.USART_ITConfig                         0x08000bc2   Section        0  stm32f10x_usart.o(i.USART_ITConfig)
    i.USART_Init                             0x08000c0c   Section        0  stm32f10x_usart.o(i.USART_Init)
    i.UsageFault_Handler                     0x08000ce4   Section        0  stm32f10x_it.o(i.UsageFault_Handler)
    i.ZDT_X42_V2_Read_Sys_Params             0x08000ce8   Section        0  zdt_x42_v2.o(i.ZDT_X42_V2_Read_Sys_Params)
    i.ZDT_X42_V2_Receive_Data                0x08000df8   Section        0  zdt_x42_v2.o(i.ZDT_X42_V2_Receive_Data)
    i.ZDT_X42_V2_Synchronous_motion          0x08000e58   Section        0  zdt_x42_v2.o(i.ZDT_X42_V2_Synchronous_motion)
    i.ZDT_X42_V2_Velocity_Control            0x08000e88   Section        0  zdt_x42_v2.o(i.ZDT_X42_V2_Velocity_Control)
    i.__scatterload_copy                     0x08000f1c   Section       14  handlers.o(i.__scatterload_copy)
    i.__scatterload_null                     0x08000f2a   Section        2  handlers.o(i.__scatterload_null)
    i.__scatterload_zeroinit                 0x08000f2c   Section       14  handlers.o(i.__scatterload_zeroinit)
    i.board_init                             0x08000f3a   Section        0  board.o(i.board_init)
    i.clock_init                             0x08000f4c   Section        0  board.o(i.clock_init)
    i.delay_ms                               0x08000f6c   Section        0  delay.o(i.delay_ms)
    i.fifo_deQueue                           0x08000f78   Section        0  fifo.o(i.fifo_deQueue)
    i.fifo_enQueue                           0x08000fb8   Section        0  fifo.o(i.fifo_enQueue)
    i.fifo_isEmpty                           0x08000fe8   Section        0  fifo.o(i.fifo_isEmpty)
    i.fifo_queueLength                       0x08001004   Section        0  fifo.o(i.fifo_queueLength)
    i.main                                   0x08001040   Section        0  main.o(i.main)
    i.nvic_init                              0x08001114   Section        0  board.o(i.nvic_init)
    i.usart_SendByte                         0x0800113c   Section        0  usart.o(i.usart_SendByte)
    i.usart_SendCmd                          0x08001178   Section        0  usart.o(i.usart_SendCmd)
    i.usart_init                             0x080011a4   Section        0  board.o(i.usart_init)
    .constdata                               0x08001240   Section     1520  oled.o(.constdata)
    .data                                    0x20000000   Section       20  stm32f10x_rcc.o(.data)
    APBAHBPrescTable                         0x20000000   Data          16  stm32f10x_rcc.o(.data)
    ADCPrescTable                            0x20000010   Data           4  stm32f10x_rcc.o(.data)
    .data                                    0x20000014   Section        2  usart.o(.data)
    .bss                                     0x20000018   Section      258  fifo.o(.bss)
    .bss                                     0x2000011a   Section      128  usart.o(.bss)
    STACK                                    0x200001a0   Section     2048  startup_stm32f10x_hd.o(STACK)

    Global Symbols

    Symbol Name                              Value     Ov Type        Size  Object(Section)

    BuildAttributes$$THM_ISAv4$P$D$K$B$S$PE$A:L22UL41UL21$X:L11$S22US41US21$IEEE1$IW$USESV6$~STKCKD$USESV7$~SHL$OTIME$ROPI$IEEEX$EBA8$MICROLIB$REQ8$PRES8$EABIv2 0x00000000   Number         0  anon$$obj.o ABSOLUTE
    __ARM_use_no_argv                        0x00000000   Number         0  main.o ABSOLUTE
    __cpp_initialize__aeabi_                  - Undefined Weak Reference
    __cxa_finalize                            - Undefined Weak Reference
    __decompress                              - Undefined Weak Reference
    _clock_init                               - Undefined Weak Reference
    _microlib_exit                            - Undefined Weak Reference
    __Vectors_Size                           0x00000130   Number         0  startup_stm32f10x_hd.o ABSOLUTE
    __Vectors                                0x08000000   Data           4  startup_stm32f10x_hd.o(RESET)
    __Vectors_End                            0x08000130   Data           0  startup_stm32f10x_hd.o(RESET)
    __main                                   0x08000131   Thumb Code     0  entry.o(.ARM.Collect$$$$00000000)
    _main_stk                                0x08000131   Thumb Code     0  entry2.o(.ARM.Collect$$$$00000001)
    _main_scatterload                        0x08000135   Thumb Code     0  entry5.o(.ARM.Collect$$$$00000004)
    __main_after_scatterload                 0x08000139   Thumb Code     0  entry5.o(.ARM.Collect$$$$00000004)
    _main_clock                              0x08000139   Thumb Code     0  entry7b.o(.ARM.Collect$$$$00000008)
    _main_cpp_init                           0x08000139   Thumb Code     0  entry8b.o(.ARM.Collect$$$$0000000A)
    _main_init                               0x08000139   Thumb Code     0  entry9a.o(.ARM.Collect$$$$0000000B)
    __rt_final_cpp                           0x08000141   Thumb Code     0  entry10a.o(.ARM.Collect$$$$0000000D)
    __rt_final_exit                          0x08000141   Thumb Code     0  entry11a.o(.ARM.Collect$$$$0000000F)
    Reset_Handler                            0x08000145   Thumb Code     8  startup_stm32f10x_hd.o(.text)
    ADC1_2_IRQHandler                        0x0800015f   Thumb Code     0  startup_stm32f10x_hd.o(.text)
    ADC3_IRQHandler                          0x0800015f   Thumb Code     0  startup_stm32f10x_hd.o(.text)
    CAN1_RX1_IRQHandler                      0x0800015f   Thumb Code     0  startup_stm32f10x_hd.o(.text)
    CAN1_SCE_IRQHandler                      0x0800015f   Thumb Code     0  startup_stm32f10x_hd.o(.text)
    DMA1_Channel1_IRQHandler                 0x0800015f   Thumb Code     0  startup_stm32f10x_hd.o(.text)
    DMA1_Channel2_IRQHandler                 0x0800015f   Thumb Code     0  startup_stm32f10x_hd.o(.text)
    DMA1_Channel3_IRQHandler                 0x0800015f   Thumb Code     0  startup_stm32f10x_hd.o(.text)
    DMA1_Channel4_IRQHandler                 0x0800015f   Thumb Code     0  startup_stm32f10x_hd.o(.text)
    DMA1_Channel5_IRQHandler                 0x0800015f   Thumb Code     0  startup_stm32f10x_hd.o(.text)
    DMA1_Channel6_IRQHandler                 0x0800015f   Thumb Code     0  startup_stm32f10x_hd.o(.text)
    DMA1_Channel7_IRQHandler                 0x0800015f   Thumb Code     0  startup_stm32f10x_hd.o(.text)
    DMA2_Channel1_IRQHandler                 0x0800015f   Thumb Code     0  startup_stm32f10x_hd.o(.text)
    DMA2_Channel2_IRQHandler                 0x0800015f   Thumb Code     0  startup_stm32f10x_hd.o(.text)
    DMA2_Channel3_IRQHandler                 0x0800015f   Thumb Code     0  startup_stm32f10x_hd.o(.text)
    DMA2_Channel4_5_IRQHandler               0x0800015f   Thumb Code     0  startup_stm32f10x_hd.o(.text)
    EXTI0_IRQHandler                         0x0800015f   Thumb Code     0  startup_stm32f10x_hd.o(.text)
    EXTI15_10_IRQHandler                     0x0800015f   Thumb Code     0  startup_stm32f10x_hd.o(.text)
    EXTI1_IRQHandler                         0x0800015f   Thumb Code     0  startup_stm32f10x_hd.o(.text)
    EXTI2_IRQHandler                         0x0800015f   Thumb Code     0  startup_stm32f10x_hd.o(.text)
    EXTI3_IRQHandler                         0x0800015f   Thumb Code     0  startup_stm32f10x_hd.o(.text)
    EXTI4_IRQHandler                         0x0800015f   Thumb Code     0  startup_stm32f10x_hd.o(.text)
    EXTI9_5_IRQHandler                       0x0800015f   Thumb Code     0  startup_stm32f10x_hd.o(.text)
    FLASH_IRQHandler                         0x0800015f   Thumb Code     0  startup_stm32f10x_hd.o(.text)
    FSMC_IRQHandler                          0x0800015f   Thumb Code     0  startup_stm32f10x_hd.o(.text)
    I2C1_ER_IRQHandler                       0x0800015f   Thumb Code     0  startup_stm32f10x_hd.o(.text)
    I2C1_EV_IRQHandler                       0x0800015f   Thumb Code     0  startup_stm32f10x_hd.o(.text)
    I2C2_ER_IRQHandler                       0x0800015f   Thumb Code     0  startup_stm32f10x_hd.o(.text)
    I2C2_EV_IRQHandler                       0x0800015f   Thumb Code     0  startup_stm32f10x_hd.o(.text)
    PVD_IRQHandler                           0x0800015f   Thumb Code     0  startup_stm32f10x_hd.o(.text)
    RCC_IRQHandler                           0x0800015f   Thumb Code     0  startup_stm32f10x_hd.o(.text)
    RTCAlarm_IRQHandler                      0x0800015f   Thumb Code     0  startup_stm32f10x_hd.o(.text)
    RTC_IRQHandler                           0x0800015f   Thumb Code     0  startup_stm32f10x_hd.o(.text)
    SDIO_IRQHandler                          0x0800015f   Thumb Code     0  startup_stm32f10x_hd.o(.text)
    SPI1_IRQHandler                          0x0800015f   Thumb Code     0  startup_stm32f10x_hd.o(.text)
    SPI2_IRQHandler                          0x0800015f   Thumb Code     0  startup_stm32f10x_hd.o(.text)
    SPI3_IRQHandler                          0x0800015f   Thumb Code     0  startup_stm32f10x_hd.o(.text)
    TAMPER_IRQHandler                        0x0800015f   Thumb Code     0  startup_stm32f10x_hd.o(.text)
    TIM1_BRK_IRQHandler                      0x0800015f   Thumb Code     0  startup_stm32f10x_hd.o(.text)
    TIM1_CC_IRQHandler                       0x0800015f   Thumb Code     0  startup_stm32f10x_hd.o(.text)
    TIM1_TRG_COM_IRQHandler                  0x0800015f   Thumb Code     0  startup_stm32f10x_hd.o(.text)
    TIM1_UP_IRQHandler                       0x0800015f   Thumb Code     0  startup_stm32f10x_hd.o(.text)
    TIM2_IRQHandler                          0x0800015f   Thumb Code     0  startup_stm32f10x_hd.o(.text)
    TIM3_IRQHandler                          0x0800015f   Thumb Code     0  startup_stm32f10x_hd.o(.text)
    TIM4_IRQHandler                          0x0800015f   Thumb Code     0  startup_stm32f10x_hd.o(.text)
    TIM5_IRQHandler                          0x0800015f   Thumb Code     0  startup_stm32f10x_hd.o(.text)
    TIM6_IRQHandler                          0x0800015f   Thumb Code     0  startup_stm32f10x_hd.o(.text)
    TIM7_IRQHandler                          0x0800015f   Thumb Code     0  startup_stm32f10x_hd.o(.text)
    TIM8_BRK_IRQHandler                      0x0800015f   Thumb Code     0  startup_stm32f10x_hd.o(.text)
    TIM8_CC_IRQHandler                       0x0800015f   Thumb Code     0  startup_stm32f10x_hd.o(.text)
    TIM8_TRG_COM_IRQHandler                  0x0800015f   Thumb Code     0  startup_stm32f10x_hd.o(.text)
    TIM8_UP_IRQHandler                       0x0800015f   Thumb Code     0  startup_stm32f10x_hd.o(.text)
    UART4_IRQHandler                         0x0800015f   Thumb Code     0  startup_stm32f10x_hd.o(.text)
    UART5_IRQHandler                         0x0800015f   Thumb Code     0  startup_stm32f10x_hd.o(.text)
    USART2_IRQHandler                        0x0800015f   Thumb Code     0  startup_stm32f10x_hd.o(.text)
    USART3_IRQHandler                        0x0800015f   Thumb Code     0  startup_stm32f10x_hd.o(.text)
    USBWakeUp_IRQHandler                     0x0800015f   Thumb Code     0  startup_stm32f10x_hd.o(.text)
    USB_HP_CAN1_TX_IRQHandler                0x0800015f   Thumb Code     0  startup_stm32f10x_hd.o(.text)
    USB_LP_CAN1_RX0_IRQHandler               0x0800015f   Thumb Code     0  startup_stm32f10x_hd.o(.text)
    WWDG_IRQHandler                          0x0800015f   Thumb Code     0  startup_stm32f10x_hd.o(.text)
    __aeabi_memset                           0x08000169   Thumb Code    14  memseta.o(.text)
    __aeabi_memset4                          0x08000169   Thumb Code     0  memseta.o(.text)
    __aeabi_memset8                          0x08000169   Thumb Code     0  memseta.o(.text)
    __aeabi_memclr                           0x08000177   Thumb Code     4  memseta.o(.text)
    __aeabi_memclr4                          0x08000177   Thumb Code     0  memseta.o(.text)
    __aeabi_memclr8                          0x08000177   Thumb Code     0  memseta.o(.text)
    _memset$wrapper                          0x0800017b   Thumb Code    18  memseta.o(.text)
    __aeabi_fmul                             0x0800018d   Thumb Code   100  fmul.o(.text)
    __aeabi_ui2f                             0x080001f1   Thumb Code    10  ffltui.o(.text)
    __aeabi_f2uiz                            0x080001fb   Thumb Code    40  ffixui.o(.text)
    __aeabi_cfrcmple                         0x08000225   Thumb Code    20  cfrcmple.o(.text)
    __I$use$fp                               0x08000239   Thumb Code     0  iusefp.o(.text)
    _float_round                             0x08000239   Thumb Code    18  fepilogue.o(.text)
    _float_epilogue                          0x0800024b   Thumb Code    92  fepilogue.o(.text)
    __scatterload                            0x080002a9   Thumb Code    28  init.o(.text)
    __scatterload_rt2                        0x080002a9   Thumb Code     0  init.o(.text)
    BusFault_Handler                         0x080002cd   Thumb Code     4  stm32f10x_it.o(i.BusFault_Handler)
    DebugMon_Handler                         0x080002d1   Thumb Code     2  stm32f10x_it.o(i.DebugMon_Handler)
    Delay_ms                                 0x080002d3   Thumb Code    24  delay.o(i.Delay_ms)
    Delay_us                                 0x080002eb   Thumb Code    46  delay.o(i.Delay_us)
    GPIO_Init                                0x08000319   Thumb Code   278  stm32f10x_gpio.o(i.GPIO_Init)
    GPIO_PinRemapConfig                      0x08000431   Thumb Code   138  stm32f10x_gpio.o(i.GPIO_PinRemapConfig)
    GPIO_WriteBit                            0x080004c1   Thumb Code    10  stm32f10x_gpio.o(i.GPIO_WriteBit)
    HardFault_Handler                        0x080004cb   Thumb Code     4  stm32f10x_it.o(i.HardFault_Handler)
    MemManage_Handler                        0x080004cf   Thumb Code     4  stm32f10x_it.o(i.MemManage_Handler)
    NMI_Handler                              0x080004d3   Thumb Code     2  stm32f10x_it.o(i.NMI_Handler)
    NVIC_Init                                0x080004d5   Thumb Code   100  misc.o(i.NVIC_Init)
    NVIC_PriorityGroupConfig                 0x08000545   Thumb Code    10  misc.o(i.NVIC_PriorityGroupConfig)
    OLED_Clear                               0x08000559   Thumb Code    42  oled.o(i.OLED_Clear)
    OLED_I2C_Init                            0x08000585   Thumb Code    76  oled.o(i.OLED_I2C_Init)
    OLED_I2C_SendByte                        0x080005d5   Thumb Code    88  oled.o(i.OLED_I2C_SendByte)
    OLED_I2C_Start                           0x08000631   Thumb Code    48  oled.o(i.OLED_I2C_Start)
    OLED_I2C_Stop                            0x08000665   Thumb Code    36  oled.o(i.OLED_I2C_Stop)
    OLED_Init                                0x0800068d   Thumb Code   174  oled.o(i.OLED_Init)
    OLED_Pow                                 0x0800073b   Thumb Code    20  oled.o(i.OLED_Pow)
    OLED_SetCursor                           0x0800074f   Thumb Code    34  oled.o(i.OLED_SetCursor)
    OLED_ShowChar                            0x08000771   Thumb Code   110  oled.o(i.OLED_ShowChar)
    OLED_ShowNum                             0x080007e5   Thumb Code    68  oled.o(i.OLED_ShowNum)
    OLED_WriteCommand                        0x08000829   Thumb Code    32  oled.o(i.OLED_WriteCommand)
    OLED_WriteData                           0x08000849   Thumb Code    32  oled.o(i.OLED_WriteData)
    PendSV_Handler                           0x08000869   Thumb Code     2  stm32f10x_it.o(i.PendSV_Handler)
    RCC_APB2PeriphClockCmd                   0x0800086d   Thumb Code    26  stm32f10x_rcc.o(i.RCC_APB2PeriphClockCmd)
    RCC_GetClocksFreq                        0x0800088d   Thumb Code   192  stm32f10x_rcc.o(i.RCC_GetClocksFreq)
    SVC_Handler                              0x08000961   Thumb Code     2  stm32f10x_it.o(i.SVC_Handler)
    SysTick_Handler                          0x08000a4d   Thumb Code     2  stm32f10x_it.o(i.SysTick_Handler)
    SystemInit                               0x08000a51   Thumb Code    78  system_stm32f10x.o(i.SystemInit)
    USART1_IRQHandler                        0x08000ab1   Thumb Code   120  usart.o(i.USART1_IRQHandler)
    USART_ClearITPendingBit                  0x08000b39   Thumb Code    30  stm32f10x_usart.o(i.USART_ClearITPendingBit)
    USART_Cmd                                0x08000b57   Thumb Code    24  stm32f10x_usart.o(i.USART_Cmd)
    USART_GetITStatus                        0x08000b6f   Thumb Code    84  stm32f10x_usart.o(i.USART_GetITStatus)
    USART_ITConfig                           0x08000bc3   Thumb Code    74  stm32f10x_usart.o(i.USART_ITConfig)
    USART_Init                               0x08000c0d   Thumb Code   210  stm32f10x_usart.o(i.USART_Init)
    UsageFault_Handler                       0x08000ce5   Thumb Code     4  stm32f10x_it.o(i.UsageFault_Handler)
    ZDT_X42_V2_Read_Sys_Params               0x08000ce9   Thumb Code   270  zdt_x42_v2.o(i.ZDT_X42_V2_Read_Sys_Params)
    ZDT_X42_V2_Receive_Data                  0x08000df9   Thumb Code    84  zdt_x42_v2.o(i.ZDT_X42_V2_Receive_Data)
    ZDT_X42_V2_Synchronous_motion            0x08000e59   Thumb Code    46  zdt_x42_v2.o(i.ZDT_X42_V2_Synchronous_motion)
    ZDT_X42_V2_Velocity_Control              0x08000e89   Thumb Code   142  zdt_x42_v2.o(i.ZDT_X42_V2_Velocity_Control)
    __scatterload_copy                       0x08000f1d   Thumb Code    14  handlers.o(i.__scatterload_copy)
    __scatterload_null                       0x08000f2b   Thumb Code     2  handlers.o(i.__scatterload_null)
    __scatterload_zeroinit                   0x08000f2d   Thumb Code    14  handlers.o(i.__scatterload_zeroinit)
    board_init                               0x08000f3b   Thumb Code    16  board.o(i.board_init)
    clock_init                               0x08000f4d   Thumb Code    28  board.o(i.clock_init)
    delay_ms                                 0x08000f6d   Thumb Code    12  delay.o(i.delay_ms)
    fifo_deQueue                             0x08000f79   Thumb Code    58  fifo.o(i.fifo_deQueue)
    fifo_enQueue                             0x08000fb9   Thumb Code    42  fifo.o(i.fifo_enQueue)
    fifo_isEmpty                             0x08000fe9   Thumb Code    24  fifo.o(i.fifo_isEmpty)
    fifo_queueLength                         0x08001005   Thumb Code    56  fifo.o(i.fifo_queueLength)
    main                                     0x08001041   Thumb Code   204  main.o(i.main)
    nvic_init                                0x08001115   Thumb Code    40  board.o(i.nvic_init)
    usart_SendByte                           0x0800113d   Thumb Code    56  usart.o(i.usart_SendByte)
    usart_SendCmd                            0x08001179   Thumb Code    44  usart.o(i.usart_SendCmd)
    usart_init                               0x080011a5   Thumb Code   148  board.o(i.usart_init)
    OLED_F8x16                               0x08001240   Data        1520  oled.o(.constdata)
    Region$$Table$$Base                      0x08001830   Number         0  anon$$obj.o(Region$$Table)
    Region$$Table$$Limit                     0x08001850   Number         0  anon$$obj.o(Region$$Table)
    rxFrameFlag                              0x20000014   Data           1  usart.o(.data)
    u_rxCount                                0x20000015   Data           1  usart.o(.data)
    rxFIFO                                   0x20000018   Data         258  fifo.o(.bss)
    u_rxCmd                                  0x2000011a   Data         128  usart.o(.bss)
    __initial_sp                             0x200009a0   Data           0  startup_stm32f10x_hd.o(STACK)



==============================================================================

Memory Map of the image

  Image Entry point : 0x08000131

  Load Region LR_IROM1 (Base: 0x08000000, Size: 0x00001868, Max: 0x00010000, ABSOLUTE)

    Execution Region ER_IROM1 (Base: 0x08000000, Size: 0x00001850, Max: 0x00010000, ABSOLUTE)

    Base Addr    Size         Type   Attr      Idx    E Section Name        Object

    0x08000000   0x00000130   Data   RO         1541    RESET               startup_stm32f10x_hd.o
    0x08000130   0x00000000   Code   RO         1908  * .ARM.Collect$$$$00000000  mc_w.l(entry.o)
    0x08000130   0x00000004   Code   RO         1988    .ARM.Collect$$$$00000001  mc_w.l(entry2.o)
    0x08000134   0x00000004   Code   RO         1991    .ARM.Collect$$$$00000004  mc_w.l(entry5.o)
    0x08000138   0x00000000   Code   RO         1993    .ARM.Collect$$$$00000008  mc_w.l(entry7b.o)
    0x08000138   0x00000000   Code   RO         1995    .ARM.Collect$$$$0000000A  mc_w.l(entry8b.o)
    0x08000138   0x00000008   Code   RO         1996    .ARM.Collect$$$$0000000B  mc_w.l(entry9a.o)
    0x08000140   0x00000000   Code   RO         1998    .ARM.Collect$$$$0000000D  mc_w.l(entry10a.o)
    0x08000140   0x00000000   Code   RO         2000    .ARM.Collect$$$$0000000F  mc_w.l(entry11a.o)
    0x08000140   0x00000004   Code   RO         1989    .ARM.Collect$$$$00002712  mc_w.l(entry2.o)
    0x08000144   0x00000024   Code   RO         1542    .text               startup_stm32f10x_hd.o
    0x08000168   0x00000024   Code   RO         1915    .text               mc_w.l(memseta.o)
    0x0800018c   0x00000064   Code   RO         1923    .text               mf_w.l(fmul.o)
    0x080001f0   0x0000000a   Code   RO         1935    .text               mf_w.l(ffltui.o)
    0x080001fa   0x00000028   Code   RO         1941    .text               mf_w.l(ffixui.o)
    0x08000222   0x00000002   PAD
    0x08000224   0x00000014   Code   RO         1949    .text               mf_w.l(cfrcmple.o)
    0x08000238   0x00000000   Code   RO         2015    .text               mc_w.l(iusefp.o)
    0x08000238   0x0000006e   Code   RO         2016    .text               mf_w.l(fepilogue.o)
    0x080002a6   0x00000002   PAD
    0x080002a8   0x00000024   Code   RO         2022    .text               mc_w.l(init.o)
    0x080002cc   0x00000004   Code   RO         1827    i.BusFault_Handler  stm32f10x_it.o
    0x080002d0   0x00000002   Code   RO         1828    i.DebugMon_Handler  stm32f10x_it.o
    0x080002d2   0x00000018   Code   RO          607    i.Delay_ms          delay.o
    0x080002ea   0x0000002e   Code   RO          609    i.Delay_us          delay.o
    0x08000318   0x00000116   Code   RO            7    i.GPIO_Init         stm32f10x_gpio.o
    0x0800042e   0x00000002   PAD
    0x08000430   0x00000090   Code   RO            9    i.GPIO_PinRemapConfig  stm32f10x_gpio.o
    0x080004c0   0x0000000a   Code   RO           18    i.GPIO_WriteBit     stm32f10x_gpio.o
    0x080004ca   0x00000004   Code   RO         1829    i.HardFault_Handler  stm32f10x_it.o
    0x080004ce   0x00000004   Code   RO         1830    i.MemManage_Handler  stm32f10x_it.o
    0x080004d2   0x00000002   Code   RO         1831    i.NMI_Handler       stm32f10x_it.o
    0x080004d4   0x00000070   Code   RO          529    i.NVIC_Init         misc.o
    0x08000544   0x00000014   Code   RO          530    i.NVIC_PriorityGroupConfig  misc.o
    0x08000558   0x0000002a   Code   RO          649    i.OLED_Clear        oled.o
    0x08000582   0x00000002   PAD
    0x08000584   0x00000050   Code   RO          650    i.OLED_I2C_Init     oled.o
    0x080005d4   0x0000005c   Code   RO          651    i.OLED_I2C_SendByte  oled.o
    0x08000630   0x00000034   Code   RO          652    i.OLED_I2C_Start    oled.o
    0x08000664   0x00000028   Code   RO          653    i.OLED_I2C_Stop     oled.o
    0x0800068c   0x000000ae   Code   RO          654    i.OLED_Init         oled.o
    0x0800073a   0x00000014   Code   RO          655    i.OLED_Pow          oled.o
    0x0800074e   0x00000022   Code   RO          656    i.OLED_SetCursor    oled.o
    0x08000770   0x00000074   Code   RO          658    i.OLED_ShowChar     oled.o
    0x080007e4   0x00000044   Code   RO          660    i.OLED_ShowNum      oled.o
    0x08000828   0x00000020   Code   RO          663    i.OLED_WriteCommand  oled.o
    0x08000848   0x00000020   Code   RO          664    i.OLED_WriteData    oled.o
    0x08000868   0x00000002   Code   RO         1832    i.PendSV_Handler    stm32f10x_it.o
    0x0800086a   0x00000002   PAD
    0x0800086c   0x00000020   Code   RO          153    i.RCC_APB2PeriphClockCmd  stm32f10x_rcc.o
    0x0800088c   0x000000d4   Code   RO          161    i.RCC_GetClocksFreq  stm32f10x_rcc.o
    0x08000960   0x00000002   Code   RO         1833    i.SVC_Handler       stm32f10x_it.o
    0x08000962   0x00000008   Code   RO         1546    i.SetSysClock       system_stm32f10x.o
    0x0800096a   0x00000002   PAD
    0x0800096c   0x000000e0   Code   RO         1547    i.SetSysClockTo72   system_stm32f10x.o
    0x08000a4c   0x00000002   Code   RO         1834    i.SysTick_Handler   stm32f10x_it.o
    0x08000a4e   0x00000002   PAD
    0x08000a50   0x00000060   Code   RO         1549    i.SystemInit        system_stm32f10x.o
    0x08000ab0   0x00000088   Code   RO         1702    i.USART1_IRQHandler  usart.o
    0x08000b38   0x0000001e   Code   RO          350    i.USART_ClearITPendingBit  stm32f10x_usart.o
    0x08000b56   0x00000018   Code   RO          353    i.USART_Cmd         stm32f10x_usart.o
    0x08000b6e   0x00000054   Code   RO          357    i.USART_GetITStatus  stm32f10x_usart.o
    0x08000bc2   0x0000004a   Code   RO          359    i.USART_ITConfig    stm32f10x_usart.o
    0x08000c0c   0x000000d8   Code   RO          360    i.USART_Init        stm32f10x_usart.o
    0x08000ce4   0x00000004   Code   RO         1835    i.UsageFault_Handler  stm32f10x_it.o
    0x08000ce8   0x0000010e   Code   RO         1597    i.ZDT_X42_V2_Read_Sys_Params  zdt_x42_v2.o
    0x08000df6   0x00000002   PAD
    0x08000df8   0x00000060   Code   RO         1598    i.ZDT_X42_V2_Receive_Data  zdt_x42_v2.o
    0x08000e58   0x0000002e   Code   RO         1602    i.ZDT_X42_V2_Synchronous_motion  zdt_x42_v2.o
    0x08000e86   0x00000002   PAD
    0x08000e88   0x00000094   Code   RO         1605    i.ZDT_X42_V2_Velocity_Control  zdt_x42_v2.o
    0x08000f1c   0x0000000e   Code   RO         2032    i.__scatterload_copy  mc_w.l(handlers.o)
    0x08000f2a   0x00000002   Code   RO         2033    i.__scatterload_null  mc_w.l(handlers.o)
    0x08000f2c   0x0000000e   Code   RO         2034    i.__scatterload_zeroinit  mc_w.l(handlers.o)
    0x08000f3a   0x00000010   Code   RO         1733    i.board_init        board.o
    0x08000f4a   0x00000002   PAD
    0x08000f4c   0x00000020   Code   RO         1734    i.clock_init        board.o
    0x08000f6c   0x0000000c   Code   RO          610    i.delay_ms          delay.o
    0x08000f78   0x00000040   Code   RO          565    i.fifo_deQueue      fifo.o
    0x08000fb8   0x00000030   Code   RO          566    i.fifo_enQueue      fifo.o
    0x08000fe8   0x0000001c   Code   RO          567    i.fifo_isEmpty      fifo.o
    0x08001004   0x0000003c   Code   RO          568    i.fifo_queueLength  fifo.o
    0x08001040   0x000000d4   Code   RO         1809    i.main              main.o
    0x08001114   0x00000028   Code   RO         1735    i.nvic_init         board.o
    0x0800113c   0x0000003c   Code   RO         1703    i.usart_SendByte    usart.o
    0x08001178   0x0000002c   Code   RO         1704    i.usart_SendCmd     usart.o
    0x080011a4   0x0000009c   Code   RO         1736    i.usart_init        board.o
    0x08001240   0x000005f0   Data   RO          665    .constdata          oled.o
    0x08001830   0x00000020   Data   RO         2030    Region$$Table       anon$$obj.o


    Execution Region RW_IRAM1 (Base: 0x20000000, Size: 0x000009a0, Max: 0x00005000, ABSOLUTE)

    Base Addr    Size         Type   Attr      Idx    E Section Name        Object

    0x20000000   0x00000014   Data   RW          181    .data               stm32f10x_rcc.o
    0x20000014   0x00000002   Data   RW         1706    .data               usart.o
    0x20000016   0x00000002   PAD
    0x20000018   0x00000102   Zero   RW          570    .bss                fifo.o
    0x2000011a   0x00000080   Zero   RW         1705    .bss                usart.o
    0x2000019a   0x00000006   PAD
    0x200001a0   0x00000800   Zero   RW         1539    STACK               startup_stm32f10x_hd.o


==============================================================================

Image component sizes


      Code (inc. data)   RO Data    RW Data    ZI Data      Debug   Object Name

       244         12          0          0          0       1779   board.o
         0          0          0          0          0         32   core_cm3.o
        82          0          0          0          0       1305   delay.o
       200         20          0          0        258       2573   fifo.o
       212          8          0          0          0        591   main.o
       132         22          0          0          0       1543   misc.o
       782         22       1520          0          0       6483   oled.o
        36          8        304          0       2048        756   startup_stm32f10x_hd.o
       432          6          0          0          0     234362   stm32f10x_gpio.o
        26          0          0          0          0       3466   stm32f10x_it.o
       244         26          0         20          0       3841   stm32f10x_rcc.o
       428          6          0          0          0       5072   stm32f10x_usart.o
       328         28          0          0          0       1709   system_stm32f10x.o
       240         20          0          2        128       2009   usart.o
       560         40          0          0          0       3517   zdt_x42_v2.o

    ----------------------------------------------------------------------
      3962        218       1856         24       2440     269038   Object Totals
         0          0         32          0          0          0   (incl. Generated)
        16          0          0          2          6          0   (incl. Padding)

    ----------------------------------------------------------------------

      Code (inc. data)   RO Data    RW Data    ZI Data      Debug   Library Member Name

         0          0          0          0          0          0   entry.o
         0          0          0          0          0          0   entry10a.o
         0          0          0          0          0          0   entry11a.o
         8          4          0          0          0          0   entry2.o
         4          0          0          0          0          0   entry5.o
         0          0          0          0          0          0   entry7b.o
         0          0          0          0          0          0   entry8b.o
         8          4          0          0          0          0   entry9a.o
        30          0          0          0          0          0   handlers.o
        36          8          0          0          0         68   init.o
         0          0          0          0          0          0   iusefp.o
        36          0          0          0          0        108   memseta.o
        20          0          0          0          0         68   cfrcmple.o
       110          0          0          0          0        168   fepilogue.o
        40          0          0          0          0         68   ffixui.o
        10          0          0          0          0         68   ffltui.o
       100          0          0          0          0         76   fmul.o

    ----------------------------------------------------------------------
       406         16          0          0          0        624   Library Totals
         4          0          0          0          0          0   (incl. Padding)

    ----------------------------------------------------------------------

      Code (inc. data)   RO Data    RW Data    ZI Data      Debug   Library Name

       122         16          0          0          0        176   mc_w.l
       280          0          0          0          0        448   mf_w.l

    ----------------------------------------------------------------------
       406         16          0          0          0        624   Library Totals

    ----------------------------------------------------------------------

==============================================================================


      Code (inc. data)   RO Data    RW Data    ZI Data      Debug   

      4368        234       1856         24       2440     266902   Grand Totals
      4368        234       1856         24       2440     266902   ELF Image Totals
      4368        234       1856         24          0          0   ROM Totals

==============================================================================

    Total RO  Size (Code + RO Data)                 6224 (   6.08kB)
    Total RW  Size (RW Data + ZI Data)              2464 (   2.41kB)
    Total ROM Size (Code + RO Data + RW Data)       6248 (   6.10kB)

==============================================================================

