Component: ARM Compiler 5.06 update 5 (build 528) Tool: armlink [4d35e2]

==============================================================================

Section Cross References

    main.o(i.main) refers to board.o(i.board_init) for board_init
    main.o(i.main) refers to oled.o(i.OLED_Init) for OLED_Init
    main.o(i.main) refers to memseta.o(.text) for __aeabi_memclr4
    main.o(i.main) refers to zdt_x42_v2.o(i.ZDT_X42_V2_Velocity_Control) for ZDT_X42_V2_Velocity_Control
    main.o(i.main) refers to zdt_x42_v2.o(i.ZDT_X42_V2_Read_Sys_Params) for ZDT_X42_V2_Read_Sys_Params
    main.o(i.main) refers to zdt_x42_v2.o(i.ZDT_X42_V2_Receive_Data) for ZDT_X42_V2_Receive_Data
    main.o(i.main) refers to ffltui.o(.text) for __aeabi_ui2f
    main.o(i.main) refers to fmul.o(.text) for __aeabi_fmul
    main.o(i.main) refers to ffixui.o(.text) for __aeabi_f2uiz
    main.o(i.main) refers to oled.o(i.OLED_ShowNum) for OLED_ShowNum
    main.o(i.main) refers to delay.o(i.delay_ms) for delay_ms
    zdt_x42_v2.o(i.ZDT_X42_V2_Bypass_Position_LV_Control) refers to fmul.o(.text) for __aeabi_fmul
    zdt_x42_v2.o(i.ZDT_X42_V2_Bypass_Position_LV_Control) refers to cfrcmple.o(.text) for __aeabi_cfrcmple
    zdt_x42_v2.o(i.ZDT_X42_V2_Bypass_Position_LV_Control) refers to ffixui.o(.text) for __aeabi_f2uiz
    zdt_x42_v2.o(i.ZDT_X42_V2_Bypass_Position_LV_Control) refers to usart.o(i.usart_SendCmd) for usart_SendCmd
    zdt_x42_v2.o(i.ZDT_X42_V2_En_Control) refers to usart.o(i.usart_SendCmd) for usart_SendCmd
    zdt_x42_v2.o(i.ZDT_X42_V2_Modify_Ctrl_Mode) refers to usart.o(i.usart_SendCmd) for usart_SendCmd
    zdt_x42_v2.o(i.ZDT_X42_V2_Origin_Interrupt) refers to usart.o(i.usart_SendCmd) for usart_SendCmd
    zdt_x42_v2.o(i.ZDT_X42_V2_Origin_Modify_Params) refers to memseta.o(.text) for __aeabi_memclr4
    zdt_x42_v2.o(i.ZDT_X42_V2_Origin_Modify_Params) refers to usart.o(i.usart_SendCmd) for usart_SendCmd
    zdt_x42_v2.o(i.ZDT_X42_V2_Origin_Set_O) refers to usart.o(i.usart_SendCmd) for usart_SendCmd
    zdt_x42_v2.o(i.ZDT_X42_V2_Origin_Trigger_Return) refers to usart.o(i.usart_SendCmd) for usart_SendCmd
    zdt_x42_v2.o(i.ZDT_X42_V2_Read_Sys_Params) refers to usart.o(i.usart_SendCmd) for usart_SendCmd
    zdt_x42_v2.o(i.ZDT_X42_V2_Receive_Data) refers to delay.o(i.delay_ms) for delay_ms
    zdt_x42_v2.o(i.ZDT_X42_V2_Receive_Data) refers to usart.o(.data) for u_rxCount
    zdt_x42_v2.o(i.ZDT_X42_V2_Receive_Data) refers to usart.o(.bss) for u_rxCmd
    zdt_x42_v2.o(i.ZDT_X42_V2_Reset_Clog_Pro) refers to usart.o(i.usart_SendCmd) for usart_SendCmd
    zdt_x42_v2.o(i.ZDT_X42_V2_Reset_CurPos_To_Zero) refers to usart.o(i.usart_SendCmd) for usart_SendCmd
    zdt_x42_v2.o(i.ZDT_X42_V2_Stop_Now) refers to usart.o(i.usart_SendCmd) for usart_SendCmd
    zdt_x42_v2.o(i.ZDT_X42_V2_Synchronous_motion) refers to usart.o(i.usart_SendCmd) for usart_SendCmd
    zdt_x42_v2.o(i.ZDT_X42_V2_Torque_Control) refers to usart.o(i.usart_SendCmd) for usart_SendCmd
    zdt_x42_v2.o(i.ZDT_X42_V2_Traj_Position_Control) refers to memseta.o(.text) for __aeabi_memclr4
    zdt_x42_v2.o(i.ZDT_X42_V2_Traj_Position_Control) refers to fmul.o(.text) for __aeabi_fmul
    zdt_x42_v2.o(i.ZDT_X42_V2_Traj_Position_Control) refers to cfrcmple.o(.text) for __aeabi_cfrcmple
    zdt_x42_v2.o(i.ZDT_X42_V2_Traj_Position_Control) refers to ffixui.o(.text) for __aeabi_f2uiz
    zdt_x42_v2.o(i.ZDT_X42_V2_Traj_Position_Control) refers to usart.o(i.usart_SendCmd) for usart_SendCmd
    zdt_x42_v2.o(i.ZDT_X42_V2_Velocity_Control) refers to fmul.o(.text) for __aeabi_fmul
    zdt_x42_v2.o(i.ZDT_X42_V2_Velocity_Control) refers to cfrcmple.o(.text) for __aeabi_cfrcmple
    zdt_x42_v2.o(i.ZDT_X42_V2_Velocity_Control) refers to ffixui.o(.text) for __aeabi_f2uiz
    zdt_x42_v2.o(i.ZDT_X42_V2_Velocity_Control) refers to usart.o(i.usart_SendCmd) for usart_SendCmd
    usart.o(i.USART1_IRQHandler) refers to stm32f10x_usart.o(i.USART_GetITStatus) for USART_GetITStatus
    usart.o(i.USART1_IRQHandler) refers to fifo.o(i.fifo_enQueue) for fifo_enQueue
    usart.o(i.USART1_IRQHandler) refers to stm32f10x_usart.o(i.USART_ClearITPendingBit) for USART_ClearITPendingBit
    usart.o(i.USART1_IRQHandler) refers to fifo.o(i.fifo_queueLength) for fifo_queueLength
    usart.o(i.USART1_IRQHandler) refers to fifo.o(i.fifo_deQueue) for fifo_deQueue
    usart.o(i.USART1_IRQHandler) refers to usart.o(.data) for u_rxCount
    usart.o(i.USART1_IRQHandler) refers to usart.o(.bss) for u_rxCmd
    usart.o(i.usart_SendCmd) refers to usart.o(i.usart_SendByte) for usart_SendByte
    board.o(i.board_init) refers to board.o(i.nvic_init) for nvic_init
    board.o(i.board_init) refers to board.o(i.clock_init) for clock_init
    board.o(i.board_init) refers to board.o(i.usart_init) for usart_init
    board.o(i.clock_init) refers to stm32f10x_rcc.o(i.RCC_APB2PeriphClockCmd) for RCC_APB2PeriphClockCmd
    board.o(i.clock_init) refers to stm32f10x_gpio.o(i.GPIO_PinRemapConfig) for GPIO_PinRemapConfig
    board.o(i.nvic_init) refers to misc.o(i.NVIC_PriorityGroupConfig) for NVIC_PriorityGroupConfig
    board.o(i.nvic_init) refers to misc.o(i.NVIC_Init) for NVIC_Init
    board.o(i.usart_init) refers to stm32f10x_gpio.o(i.GPIO_Init) for GPIO_Init
    board.o(i.usart_init) refers to stm32f10x_usart.o(i.USART_Init) for USART_Init
    board.o(i.usart_init) refers to stm32f10x_usart.o(i.USART_ClearITPendingBit) for USART_ClearITPendingBit
    board.o(i.usart_init) refers to stm32f10x_usart.o(i.USART_ITConfig) for USART_ITConfig
    board.o(i.usart_init) refers to stm32f10x_usart.o(i.USART_Cmd) for USART_Cmd
    startup_stm32f10x_hd.o(RESET) refers to startup_stm32f10x_hd.o(STACK) for __initial_sp
    startup_stm32f10x_hd.o(RESET) refers to startup_stm32f10x_hd.o(.text) for Reset_Handler
    startup_stm32f10x_hd.o(RESET) refers to stm32f10x_it.o(i.NMI_Handler) for NMI_Handler
    startup_stm32f10x_hd.o(RESET) refers to stm32f10x_it.o(i.HardFault_Handler) for HardFault_Handler
    startup_stm32f10x_hd.o(RESET) refers to stm32f10x_it.o(i.MemManage_Handler) for MemManage_Handler
    startup_stm32f10x_hd.o(RESET) refers to stm32f10x_it.o(i.BusFault_Handler) for BusFault_Handler
    startup_stm32f10x_hd.o(RESET) refers to stm32f10x_it.o(i.UsageFault_Handler) for UsageFault_Handler
    startup_stm32f10x_hd.o(RESET) refers to stm32f10x_it.o(i.SVC_Handler) for SVC_Handler
    startup_stm32f10x_hd.o(RESET) refers to stm32f10x_it.o(i.DebugMon_Handler) for DebugMon_Handler
    startup_stm32f10x_hd.o(RESET) refers to stm32f10x_it.o(i.PendSV_Handler) for PendSV_Handler
    startup_stm32f10x_hd.o(RESET) refers to stm32f10x_it.o(i.SysTick_Handler) for SysTick_Handler
    startup_stm32f10x_hd.o(RESET) refers to usart.o(i.USART1_IRQHandler) for USART1_IRQHandler
    startup_stm32f10x_hd.o(.text) refers to system_stm32f10x.o(i.SystemInit) for SystemInit
    startup_stm32f10x_hd.o(.text) refers to entry.o(.ARM.Collect$$$$00000000) for __main
    system_stm32f10x.o(i.SetSysClock) refers to system_stm32f10x.o(i.SetSysClockTo72) for SetSysClockTo72
    system_stm32f10x.o(i.SystemCoreClockUpdate) refers to system_stm32f10x.o(.data) for SystemCoreClock
    system_stm32f10x.o(i.SystemInit) refers to system_stm32f10x.o(i.SetSysClock) for SetSysClock
    fifo.o(i.fifo_deQueue) refers to fifo.o(i.fifo_isEmpty) for fifo_isEmpty
    fifo.o(i.fifo_deQueue) refers to fifo.o(.bss) for rxFIFO
    fifo.o(i.fifo_enQueue) refers to fifo.o(.bss) for rxFIFO
    fifo.o(i.fifo_isEmpty) refers to fifo.o(.bss) for rxFIFO
    fifo.o(i.fifo_queueLength) refers to fifo.o(.bss) for rxFIFO
    fifo.o(i.initQueue) refers to fifo.o(.bss) for rxFIFO
    delay.o(i.delay_ms) refers to system_stm32f10x.o(.data) for SystemCoreClock
    oled.o(i.OLED_Clear) refers to oled.o(i.OLED_SetCursor) for OLED_SetCursor
    oled.o(i.OLED_Clear) refers to oled.o(i.OLED_WriteData) for OLED_WriteData
    oled.o(i.OLED_I2C_Init) refers to stm32f10x_rcc.o(i.RCC_APB2PeriphClockCmd) for RCC_APB2PeriphClockCmd
    oled.o(i.OLED_I2C_Init) refers to stm32f10x_gpio.o(i.GPIO_Init) for GPIO_Init
    oled.o(i.OLED_I2C_Init) refers to stm32f10x_gpio.o(i.GPIO_WriteBit) for GPIO_WriteBit
    oled.o(i.OLED_I2C_SendByte) refers to stm32f10x_gpio.o(i.GPIO_WriteBit) for GPIO_WriteBit
    oled.o(i.OLED_I2C_Start) refers to stm32f10x_gpio.o(i.GPIO_WriteBit) for GPIO_WriteBit
    oled.o(i.OLED_I2C_Stop) refers to stm32f10x_gpio.o(i.GPIO_WriteBit) for GPIO_WriteBit
    oled.o(i.OLED_Init) refers to oled.o(i.OLED_I2C_Init) for OLED_I2C_Init
    oled.o(i.OLED_Init) refers to oled.o(i.OLED_WriteCommand) for OLED_WriteCommand
    oled.o(i.OLED_Init) refers to oled.o(i.OLED_Clear) for OLED_Clear
    oled.o(i.OLED_SetCursor) refers to oled.o(i.OLED_WriteCommand) for OLED_WriteCommand
    oled.o(i.OLED_ShowBinNum) refers to oled.o(i.OLED_Pow) for OLED_Pow
    oled.o(i.OLED_ShowBinNum) refers to oled.o(i.OLED_ShowChar) for OLED_ShowChar
    oled.o(i.OLED_ShowChar) refers to oled.o(i.OLED_SetCursor) for OLED_SetCursor
    oled.o(i.OLED_ShowChar) refers to oled.o(i.OLED_WriteData) for OLED_WriteData
    oled.o(i.OLED_ShowChar) refers to oled.o(.constdata) for OLED_F8x16
    oled.o(i.OLED_ShowHexNum) refers to oled.o(i.OLED_Pow) for OLED_Pow
    oled.o(i.OLED_ShowHexNum) refers to oled.o(i.OLED_ShowChar) for OLED_ShowChar
    oled.o(i.OLED_ShowNum) refers to oled.o(i.OLED_Pow) for OLED_Pow
    oled.o(i.OLED_ShowNum) refers to oled.o(i.OLED_ShowChar) for OLED_ShowChar
    oled.o(i.OLED_ShowSignedNum) refers to oled.o(i.OLED_ShowChar) for OLED_ShowChar
    oled.o(i.OLED_ShowSignedNum) refers to oled.o(i.OLED_Pow) for OLED_Pow
    oled.o(i.OLED_ShowString) refers to oled.o(i.OLED_ShowChar) for OLED_ShowChar
    oled.o(i.OLED_WriteCommand) refers to oled.o(i.OLED_I2C_Start) for OLED_I2C_Start
    oled.o(i.OLED_WriteCommand) refers to oled.o(i.OLED_I2C_SendByte) for OLED_I2C_SendByte
    oled.o(i.OLED_WriteCommand) refers to oled.o(i.OLED_I2C_Stop) for OLED_I2C_Stop
    oled.o(i.OLED_WriteData) refers to oled.o(i.OLED_I2C_Start) for OLED_I2C_Start
    oled.o(i.OLED_WriteData) refers to oled.o(i.OLED_I2C_SendByte) for OLED_I2C_SendByte
    oled.o(i.OLED_WriteData) refers to oled.o(i.OLED_I2C_Stop) for OLED_I2C_Stop
    stm32f10x_gpio.o(i.GPIO_AFIODeInit) refers to stm32f10x_rcc.o(i.RCC_APB2PeriphResetCmd) for RCC_APB2PeriphResetCmd
    stm32f10x_gpio.o(i.GPIO_DeInit) refers to stm32f10x_rcc.o(i.RCC_APB2PeriphResetCmd) for RCC_APB2PeriphResetCmd
    stm32f10x_rcc.o(i.RCC_GetClocksFreq) refers to stm32f10x_rcc.o(.data) for APBAHBPrescTable
    stm32f10x_rcc.o(i.RCC_WaitForHSEStartUp) refers to stm32f10x_rcc.o(i.RCC_GetFlagStatus) for RCC_GetFlagStatus
    stm32f10x_usart.o(i.USART_DeInit) refers to stm32f10x_rcc.o(i.RCC_APB2PeriphResetCmd) for RCC_APB2PeriphResetCmd
    stm32f10x_usart.o(i.USART_DeInit) refers to stm32f10x_rcc.o(i.RCC_APB1PeriphResetCmd) for RCC_APB1PeriphResetCmd
    stm32f10x_usart.o(i.USART_Init) refers to stm32f10x_rcc.o(i.RCC_GetClocksFreq) for RCC_GetClocksFreq
    entry.o(.ARM.Collect$$$$00000000) refers (Special) to entry10a.o(.ARM.Collect$$$$0000000D) for __rt_final_cpp
    entry.o(.ARM.Collect$$$$00000000) refers (Special) to entry11a.o(.ARM.Collect$$$$0000000F) for __rt_final_exit
    entry.o(.ARM.Collect$$$$00000000) refers (Special) to entry7b.o(.ARM.Collect$$$$00000008) for _main_clock
    entry.o(.ARM.Collect$$$$00000000) refers (Special) to entry8b.o(.ARM.Collect$$$$0000000A) for _main_cpp_init
    entry.o(.ARM.Collect$$$$00000000) refers (Special) to entry9a.o(.ARM.Collect$$$$0000000B) for _main_init
    entry.o(.ARM.Collect$$$$00000000) refers (Special) to entry5.o(.ARM.Collect$$$$00000004) for _main_scatterload
    entry.o(.ARM.Collect$$$$00000000) refers (Special) to entry2.o(.ARM.Collect$$$$00000001) for _main_stk
    fmul.o(.text) refers (Special) to iusefp.o(.text) for __I$use$fp
    ffltui.o(.text) refers (Special) to iusefp.o(.text) for __I$use$fp
    ffltui.o(.text) refers to fepilogue.o(.text) for _float_epilogue
    ffixui.o(.text) refers (Special) to iusefp.o(.text) for __I$use$fp
    cfrcmple.o(.text) refers (Special) to iusefp.o(.text) for __I$use$fp
    entry2.o(.ARM.Collect$$$$00000001) refers to entry2.o(.ARM.Collect$$$$00002712) for __lit__00000000
    entry2.o(.ARM.Collect$$$$00002712) refers to startup_stm32f10x_hd.o(STACK) for __initial_sp
    entry2.o(__vectab_stack_and_reset_area) refers to startup_stm32f10x_hd.o(STACK) for __initial_sp
    entry2.o(__vectab_stack_and_reset_area) refers to entry.o(.ARM.Collect$$$$00000000) for __main
    entry5.o(.ARM.Collect$$$$00000004) refers to init.o(.text) for __scatterload
    entry9a.o(.ARM.Collect$$$$0000000B) refers to main.o(i.main) for main
    entry9b.o(.ARM.Collect$$$$0000000C) refers to main.o(i.main) for main
    init.o(.text) refers to entry5.o(.ARM.Collect$$$$00000004) for __main_after_scatterload


==============================================================================

Removing Unused input sections from the image.

    Removing zdt_x42_v2.o(i.ZDT_X42_V2_Bypass_Position_LV_Control), (220 bytes).
    Removing zdt_x42_v2.o(i.ZDT_X42_V2_En_Control), (58 bytes).
    Removing zdt_x42_v2.o(i.ZDT_X42_V2_Modify_Ctrl_Mode), (58 bytes).
    Removing zdt_x42_v2.o(i.ZDT_X42_V2_Origin_Interrupt), (46 bytes).
    Removing zdt_x42_v2.o(i.ZDT_X42_V2_Origin_Modify_Params), (170 bytes).
    Removing zdt_x42_v2.o(i.ZDT_X42_V2_Origin_Set_O), (52 bytes).
    Removing zdt_x42_v2.o(i.ZDT_X42_V2_Origin_Trigger_Return), (52 bytes).
    Removing zdt_x42_v2.o(i.ZDT_X42_V2_Reset_Clog_Pro), (46 bytes).
    Removing zdt_x42_v2.o(i.ZDT_X42_V2_Reset_CurPos_To_Zero), (46 bytes).
    Removing zdt_x42_v2.o(i.ZDT_X42_V2_Stop_Now), (52 bytes).
    Removing zdt_x42_v2.o(i.ZDT_X42_V2_Synchronous_motion), (46 bytes).
    Removing zdt_x42_v2.o(i.ZDT_X42_V2_Torque_Control), (86 bytes).
    Removing zdt_x42_v2.o(i.ZDT_X42_V2_Traj_Position_Control), (244 bytes).
    Removing core_cm3.o(.emb_text), (32 bytes).
    Removing startup_stm32f10x_hd.o(HEAP), (512 bytes).
    Removing system_stm32f10x.o(i.SystemCoreClockUpdate), (164 bytes).
    Removing fifo.o(i.initQueue), (20 bytes).
    Removing delay.o(i.delay_cnt), (10 bytes).
    Removing oled.o(i.OLED_ShowBinNum), (62 bytes).
    Removing oled.o(i.OLED_ShowHexNum), (84 bytes).
    Removing oled.o(i.OLED_ShowSignedNum), (102 bytes).
    Removing oled.o(i.OLED_ShowString), (40 bytes).
    Removing stm32f10x_gpio.o(i.GPIO_AFIODeInit), (20 bytes).
    Removing stm32f10x_gpio.o(i.GPIO_DeInit), (200 bytes).
    Removing stm32f10x_gpio.o(i.GPIO_ETH_MediaInterfaceConfig), (12 bytes).
    Removing stm32f10x_gpio.o(i.GPIO_EXTILineConfig), (64 bytes).
    Removing stm32f10x_gpio.o(i.GPIO_EventOutputCmd), (12 bytes).
    Removing stm32f10x_gpio.o(i.GPIO_EventOutputConfig), (32 bytes).
    Removing stm32f10x_gpio.o(i.GPIO_PinLockConfig), (18 bytes).
    Removing stm32f10x_gpio.o(i.GPIO_ReadInputData), (8 bytes).
    Removing stm32f10x_gpio.o(i.GPIO_ReadInputDataBit), (18 bytes).
    Removing stm32f10x_gpio.o(i.GPIO_ReadOutputData), (8 bytes).
    Removing stm32f10x_gpio.o(i.GPIO_ReadOutputDataBit), (18 bytes).
    Removing stm32f10x_gpio.o(i.GPIO_ResetBits), (4 bytes).
    Removing stm32f10x_gpio.o(i.GPIO_SetBits), (4 bytes).
    Removing stm32f10x_gpio.o(i.GPIO_StructInit), (16 bytes).
    Removing stm32f10x_gpio.o(i.GPIO_Write), (4 bytes).
    Removing stm32f10x_rcc.o(i.RCC_ADCCLKConfig), (24 bytes).
    Removing stm32f10x_rcc.o(i.RCC_AHBPeriphClockCmd), (32 bytes).
    Removing stm32f10x_rcc.o(i.RCC_APB1PeriphClockCmd), (32 bytes).
    Removing stm32f10x_rcc.o(i.RCC_APB1PeriphResetCmd), (32 bytes).
    Removing stm32f10x_rcc.o(i.RCC_APB2PeriphResetCmd), (32 bytes).
    Removing stm32f10x_rcc.o(i.RCC_AdjustHSICalibrationValue), (24 bytes).
    Removing stm32f10x_rcc.o(i.RCC_BackupResetCmd), (12 bytes).
    Removing stm32f10x_rcc.o(i.RCC_ClearFlag), (20 bytes).
    Removing stm32f10x_rcc.o(i.RCC_ClearITPendingBit), (12 bytes).
    Removing stm32f10x_rcc.o(i.RCC_ClockSecuritySystemCmd), (12 bytes).
    Removing stm32f10x_rcc.o(i.RCC_DeInit), (76 bytes).
    Removing stm32f10x_rcc.o(i.RCC_GetFlagStatus), (60 bytes).
    Removing stm32f10x_rcc.o(i.RCC_GetITStatus), (24 bytes).
    Removing stm32f10x_rcc.o(i.RCC_GetSYSCLKSource), (16 bytes).
    Removing stm32f10x_rcc.o(i.RCC_HCLKConfig), (24 bytes).
    Removing stm32f10x_rcc.o(i.RCC_HSEConfig), (76 bytes).
    Removing stm32f10x_rcc.o(i.RCC_HSICmd), (12 bytes).
    Removing stm32f10x_rcc.o(i.RCC_ITConfig), (32 bytes).
    Removing stm32f10x_rcc.o(i.RCC_LSEConfig), (52 bytes).
    Removing stm32f10x_rcc.o(i.RCC_LSICmd), (12 bytes).
    Removing stm32f10x_rcc.o(i.RCC_MCOConfig), (12 bytes).
    Removing stm32f10x_rcc.o(i.RCC_PCLK1Config), (24 bytes).
    Removing stm32f10x_rcc.o(i.RCC_PCLK2Config), (24 bytes).
    Removing stm32f10x_rcc.o(i.RCC_PLLCmd), (12 bytes).
    Removing stm32f10x_rcc.o(i.RCC_PLLConfig), (28 bytes).
    Removing stm32f10x_rcc.o(i.RCC_RTCCLKCmd), (12 bytes).
    Removing stm32f10x_rcc.o(i.RCC_RTCCLKConfig), (16 bytes).
    Removing stm32f10x_rcc.o(i.RCC_SYSCLKConfig), (24 bytes).
    Removing stm32f10x_rcc.o(i.RCC_USBCLKConfig), (12 bytes).
    Removing stm32f10x_rcc.o(i.RCC_WaitForHSEStartUp), (56 bytes).
    Removing stm32f10x_usart.o(i.USART_ClearFlag), (18 bytes).
    Removing stm32f10x_usart.o(i.USART_ClockInit), (34 bytes).
    Removing stm32f10x_usart.o(i.USART_ClockStructInit), (12 bytes).
    Removing stm32f10x_usart.o(i.USART_DMACmd), (18 bytes).
    Removing stm32f10x_usart.o(i.USART_DeInit), (156 bytes).
    Removing stm32f10x_usart.o(i.USART_GetFlagStatus), (26 bytes).
    Removing stm32f10x_usart.o(i.USART_HalfDuplexCmd), (24 bytes).
    Removing stm32f10x_usart.o(i.USART_IrDACmd), (24 bytes).
    Removing stm32f10x_usart.o(i.USART_IrDAConfig), (18 bytes).
    Removing stm32f10x_usart.o(i.USART_LINBreakDetectLengthConfig), (18 bytes).
    Removing stm32f10x_usart.o(i.USART_LINCmd), (24 bytes).
    Removing stm32f10x_usart.o(i.USART_OneBitMethodCmd), (24 bytes).
    Removing stm32f10x_usart.o(i.USART_OverSampling8Cmd), (22 bytes).
    Removing stm32f10x_usart.o(i.USART_ReceiveData), (10 bytes).
    Removing stm32f10x_usart.o(i.USART_ReceiverWakeUpCmd), (24 bytes).
    Removing stm32f10x_usart.o(i.USART_SendBreak), (10 bytes).
    Removing stm32f10x_usart.o(i.USART_SendData), (8 bytes).
    Removing stm32f10x_usart.o(i.USART_SetAddress), (18 bytes).
    Removing stm32f10x_usart.o(i.USART_SetGuardTime), (16 bytes).
    Removing stm32f10x_usart.o(i.USART_SetPrescaler), (16 bytes).
    Removing stm32f10x_usart.o(i.USART_SmartCardCmd), (24 bytes).
    Removing stm32f10x_usart.o(i.USART_SmartCardNACKCmd), (24 bytes).
    Removing stm32f10x_usart.o(i.USART_StructInit), (24 bytes).
    Removing stm32f10x_usart.o(i.USART_WakeUpConfig), (18 bytes).
    Removing misc.o(i.NVIC_SetVectorTable), (20 bytes).
    Removing misc.o(i.NVIC_SystemLPConfig), (32 bytes).
    Removing misc.o(i.SysTick_CLKSourceConfig), (40 bytes).

94 unused section(s) (total 4178 bytes) removed from the image.

==============================================================================

Image Symbol Table

    Local Symbols

    Symbol Name                              Value     Ov Type        Size  Object(Section)

    ../clib/microlib/init/entry.s            0x00000000   Number         0  entry5.o ABSOLUTE
    ../clib/microlib/init/entry.s            0x00000000   Number         0  entry9b.o ABSOLUTE
    ../clib/microlib/init/entry.s            0x00000000   Number         0  entry11a.o ABSOLUTE
    ../clib/microlib/init/entry.s            0x00000000   Number         0  entry11b.o ABSOLUTE
    ../clib/microlib/init/entry.s            0x00000000   Number         0  entry2.o ABSOLUTE
    ../clib/microlib/init/entry.s            0x00000000   Number         0  entry10a.o ABSOLUTE
    ../clib/microlib/init/entry.s            0x00000000   Number         0  entry.o ABSOLUTE
    ../clib/microlib/init/entry.s            0x00000000   Number         0  entry10b.o ABSOLUTE
    ../clib/microlib/init/entry.s            0x00000000   Number         0  entry9a.o ABSOLUTE
    ../clib/microlib/init/entry.s            0x00000000   Number         0  entry8b.o ABSOLUTE
    ../clib/microlib/init/entry.s            0x00000000   Number         0  entry8a.o ABSOLUTE
    ../clib/microlib/init/entry.s            0x00000000   Number         0  entry7b.o ABSOLUTE
    ../clib/microlib/init/entry.s            0x00000000   Number         0  entry7a.o ABSOLUTE
    ../clib/microlib/string/memset.c         0x00000000   Number         0  memseta.o ABSOLUTE
    ../clib/microlib/stubs.s                 0x00000000   Number         0  iusefp.o ABSOLUTE
    ../fplib/microlib/fpepilogue.c           0x00000000   Number         0  fepilogue.o ABSOLUTE
    ../fplib/microlib/fpfix.c                0x00000000   Number         0  ffixui.o ABSOLUTE
    ../fplib/microlib/fpflt.c                0x00000000   Number         0  ffltui.o ABSOLUTE
    ../fplib/microlib/fpmul.c                0x00000000   Number         0  fmul.o ABSOLUTE
    ..\APP\main.c                            0x00000000   Number         0  main.o ABSOLUTE
    ..\APP\stm32f10x_it.c                    0x00000000   Number         0  stm32f10x_it.o ABSOLUTE
    ..\BSP\ZDT_X42_V2.c                      0x00000000   Number         0  zdt_x42_v2.o ABSOLUTE
    ..\BSP\board.c                           0x00000000   Number         0  board.o ABSOLUTE
    ..\BSP\usart.c                           0x00000000   Number         0  usart.o ABSOLUTE
    ..\CMSIS\core_cm3.c                      0x00000000   Number         0  core_cm3.o ABSOLUTE
    ..\CMSIS\startup_stm32f10x_hd.s          0x00000000   Number         0  startup_stm32f10x_hd.o ABSOLUTE
    ..\CMSIS\system_stm32f10x.c              0x00000000   Number         0  system_stm32f10x.o ABSOLUTE
    ..\DRIVERS\OLED.c                        0x00000000   Number         0  oled.o ABSOLUTE
    ..\DRIVERS\delay.c                       0x00000000   Number         0  delay.o ABSOLUTE
    ..\DRIVERS\fifo.c                        0x00000000   Number         0  fifo.o ABSOLUTE
    ..\LIB\STM32F10x_StdPeriph_Lib_V3.5.0\src\misc.c 0x00000000   Number         0  misc.o ABSOLUTE
    ..\LIB\STM32F10x_StdPeriph_Lib_V3.5.0\src\stm32f10x_gpio.c 0x00000000   Number         0  stm32f10x_gpio.o ABSOLUTE
    ..\LIB\STM32F10x_StdPeriph_Lib_V3.5.0\src\stm32f10x_rcc.c 0x00000000   Number         0  stm32f10x_rcc.o ABSOLUTE
    ..\LIB\STM32F10x_StdPeriph_Lib_V3.5.0\src\stm32f10x_usart.c 0x00000000   Number         0  stm32f10x_usart.o ABSOLUTE
    ..\\CMSIS\\core_cm3.c                    0x00000000   Number         0  core_cm3.o ABSOLUTE
    cfrcmple.s                               0x00000000   Number         0  cfrcmple.o ABSOLUTE
    dc.s                                     0x00000000   Number         0  dc.o ABSOLUTE
    handlers.s                               0x00000000   Number         0  handlers.o ABSOLUTE
    init.s                                   0x00000000   Number         0  init.o ABSOLUTE
    RESET                                    0x08000000   Section      304  startup_stm32f10x_hd.o(RESET)
    .ARM.Collect$$$$00000000                 0x08000130   Section        0  entry.o(.ARM.Collect$$$$00000000)
    .ARM.Collect$$$$00000001                 0x08000130   Section        4  entry2.o(.ARM.Collect$$$$00000001)
    .ARM.Collect$$$$00000004                 0x08000134   Section        4  entry5.o(.ARM.Collect$$$$00000004)
    .ARM.Collect$$$$00000008                 0x08000138   Section        0  entry7b.o(.ARM.Collect$$$$00000008)
    .ARM.Collect$$$$0000000A                 0x08000138   Section        0  entry8b.o(.ARM.Collect$$$$0000000A)
    .ARM.Collect$$$$0000000B                 0x08000138   Section        8  entry9a.o(.ARM.Collect$$$$0000000B)
    .ARM.Collect$$$$0000000D                 0x08000140   Section        0  entry10a.o(.ARM.Collect$$$$0000000D)
    .ARM.Collect$$$$0000000F                 0x08000140   Section        0  entry11a.o(.ARM.Collect$$$$0000000F)
    .ARM.Collect$$$$00002712                 0x08000140   Section        4  entry2.o(.ARM.Collect$$$$00002712)
    __lit__00000000                          0x08000140   Data           4  entry2.o(.ARM.Collect$$$$00002712)
    .text                                    0x08000144   Section       36  startup_stm32f10x_hd.o(.text)
    .text                                    0x08000168   Section        0  memseta.o(.text)
    .text                                    0x0800018c   Section        0  fmul.o(.text)
    .text                                    0x080001f0   Section        0  ffltui.o(.text)
    .text                                    0x080001fa   Section        0  ffixui.o(.text)
    .text                                    0x08000224   Section       20  cfrcmple.o(.text)
    .text                                    0x08000238   Section        0  fepilogue.o(.text)
    .text                                    0x08000238   Section        0  iusefp.o(.text)
    .text                                    0x080002a8   Section       36  init.o(.text)
    i.BusFault_Handler                       0x080002cc   Section        0  stm32f10x_it.o(i.BusFault_Handler)
    i.DebugMon_Handler                       0x080002d0   Section        0  stm32f10x_it.o(i.DebugMon_Handler)
    i.GPIO_Init                              0x080002d2   Section        0  stm32f10x_gpio.o(i.GPIO_Init)
    i.GPIO_PinRemapConfig                    0x080003e8   Section        0  stm32f10x_gpio.o(i.GPIO_PinRemapConfig)
    i.GPIO_WriteBit                          0x08000478   Section        0  stm32f10x_gpio.o(i.GPIO_WriteBit)
    i.HardFault_Handler                      0x08000482   Section        0  stm32f10x_it.o(i.HardFault_Handler)
    i.MemManage_Handler                      0x08000486   Section        0  stm32f10x_it.o(i.MemManage_Handler)
    i.NMI_Handler                            0x0800048a   Section        0  stm32f10x_it.o(i.NMI_Handler)
    i.NVIC_Init                              0x0800048c   Section        0  misc.o(i.NVIC_Init)
    i.NVIC_PriorityGroupConfig               0x080004fc   Section        0  misc.o(i.NVIC_PriorityGroupConfig)
    i.OLED_Clear                             0x08000510   Section        0  oled.o(i.OLED_Clear)
    i.OLED_I2C_Init                          0x0800053c   Section        0  oled.o(i.OLED_I2C_Init)
    i.OLED_I2C_SendByte                      0x0800058c   Section        0  oled.o(i.OLED_I2C_SendByte)
    i.OLED_I2C_Start                         0x080005e8   Section        0  oled.o(i.OLED_I2C_Start)
    i.OLED_I2C_Stop                          0x0800061c   Section        0  oled.o(i.OLED_I2C_Stop)
    i.OLED_Init                              0x08000644   Section        0  oled.o(i.OLED_Init)
    i.OLED_Pow                               0x080006f2   Section        0  oled.o(i.OLED_Pow)
    i.OLED_SetCursor                         0x08000706   Section        0  oled.o(i.OLED_SetCursor)
    i.OLED_ShowChar                          0x08000728   Section        0  oled.o(i.OLED_ShowChar)
    i.OLED_ShowNum                           0x0800079c   Section        0  oled.o(i.OLED_ShowNum)
    i.OLED_WriteCommand                      0x080007e0   Section        0  oled.o(i.OLED_WriteCommand)
    i.OLED_WriteData                         0x08000800   Section        0  oled.o(i.OLED_WriteData)
    i.PendSV_Handler                         0x08000820   Section        0  stm32f10x_it.o(i.PendSV_Handler)
    i.RCC_APB2PeriphClockCmd                 0x08000824   Section        0  stm32f10x_rcc.o(i.RCC_APB2PeriphClockCmd)
    i.RCC_GetClocksFreq                      0x08000844   Section        0  stm32f10x_rcc.o(i.RCC_GetClocksFreq)
    i.SVC_Handler                            0x08000918   Section        0  stm32f10x_it.o(i.SVC_Handler)
    i.SetSysClock                            0x0800091a   Section        0  system_stm32f10x.o(i.SetSysClock)
    SetSysClock                              0x0800091b   Thumb Code     8  system_stm32f10x.o(i.SetSysClock)
    i.SetSysClockTo72                        0x08000924   Section        0  system_stm32f10x.o(i.SetSysClockTo72)
    SetSysClockTo72                          0x08000925   Thumb Code   214  system_stm32f10x.o(i.SetSysClockTo72)
    i.SysTick_Handler                        0x08000a04   Section        0  stm32f10x_it.o(i.SysTick_Handler)
    i.SystemInit                             0x08000a08   Section        0  system_stm32f10x.o(i.SystemInit)
    i.USART1_IRQHandler                      0x08000a68   Section        0  usart.o(i.USART1_IRQHandler)
    i.USART_ClearITPendingBit                0x08000af0   Section        0  stm32f10x_usart.o(i.USART_ClearITPendingBit)
    i.USART_Cmd                              0x08000b0e   Section        0  stm32f10x_usart.o(i.USART_Cmd)
    i.USART_GetITStatus                      0x08000b26   Section        0  stm32f10x_usart.o(i.USART_GetITStatus)
    i.USART_ITConfig                         0x08000b7a   Section        0  stm32f10x_usart.o(i.USART_ITConfig)
    i.USART_Init                             0x08000bc4   Section        0  stm32f10x_usart.o(i.USART_Init)
    i.UsageFault_Handler                     0x08000c9c   Section        0  stm32f10x_it.o(i.UsageFault_Handler)
    i.ZDT_X42_V2_Read_Sys_Params             0x08000ca0   Section        0  zdt_x42_v2.o(i.ZDT_X42_V2_Read_Sys_Params)
    i.ZDT_X42_V2_Receive_Data                0x08000db0   Section        0  zdt_x42_v2.o(i.ZDT_X42_V2_Receive_Data)
    i.ZDT_X42_V2_Velocity_Control            0x08000e10   Section        0  zdt_x42_v2.o(i.ZDT_X42_V2_Velocity_Control)
    i.__scatterload_copy                     0x08000ea4   Section       14  handlers.o(i.__scatterload_copy)
    i.__scatterload_null                     0x08000eb2   Section        2  handlers.o(i.__scatterload_null)
    i.__scatterload_zeroinit                 0x08000eb4   Section       14  handlers.o(i.__scatterload_zeroinit)
    i.board_init                             0x08000ec2   Section        0  board.o(i.board_init)
    i.clock_init                             0x08000ed4   Section        0  board.o(i.clock_init)
    i.delay_ms                               0x08000ef4   Section        0  delay.o(i.delay_ms)
    i.fifo_deQueue                           0x08000f54   Section        0  fifo.o(i.fifo_deQueue)
    i.fifo_enQueue                           0x08000f94   Section        0  fifo.o(i.fifo_enQueue)
    i.fifo_isEmpty                           0x08000fc4   Section        0  fifo.o(i.fifo_isEmpty)
    i.fifo_queueLength                       0x08000fe0   Section        0  fifo.o(i.fifo_queueLength)
    i.main                                   0x0800101c   Section        0  main.o(i.main)
    i.nvic_init                              0x080010cc   Section        0  board.o(i.nvic_init)
    i.usart_SendByte                         0x080010f4   Section        0  usart.o(i.usart_SendByte)
    i.usart_SendCmd                          0x08001130   Section        0  usart.o(i.usart_SendCmd)
    i.usart_init                             0x0800115c   Section        0  board.o(i.usart_init)
    .constdata                               0x080011f8   Section     1520  oled.o(.constdata)
    .data                                    0x20000000   Section        2  usart.o(.data)
    .data                                    0x20000004   Section       20  system_stm32f10x.o(.data)
    .data                                    0x20000018   Section       20  stm32f10x_rcc.o(.data)
    APBAHBPrescTable                         0x20000018   Data          16  stm32f10x_rcc.o(.data)
    ADCPrescTable                            0x20000028   Data           4  stm32f10x_rcc.o(.data)
    .bss                                     0x2000002c   Section      128  usart.o(.bss)
    .bss                                     0x200000ac   Section      258  fifo.o(.bss)
    STACK                                    0x200001b0   Section     2048  startup_stm32f10x_hd.o(STACK)

    Global Symbols

    Symbol Name                              Value     Ov Type        Size  Object(Section)

    BuildAttributes$$THM_ISAv4$P$D$K$B$S$PE$A:L22UL41UL21$X:L11$S22US41US21$IEEE1$IW$USESV6$~STKCKD$USESV7$~SHL$OTIME$ROPI$EBA8$MICROLIB$REQ8$PRES8$EABIv2 0x00000000   Number         0  anon$$obj.o ABSOLUTE
    __ARM_use_no_argv                        0x00000000   Number         0  main.o ABSOLUTE
    __cpp_initialize__aeabi_                  - Undefined Weak Reference
    __cxa_finalize                            - Undefined Weak Reference
    __decompress                              - Undefined Weak Reference
    _clock_init                               - Undefined Weak Reference
    _microlib_exit                            - Undefined Weak Reference
    __Vectors_Size                           0x00000130   Number         0  startup_stm32f10x_hd.o ABSOLUTE
    __Vectors                                0x08000000   Data           4  startup_stm32f10x_hd.o(RESET)
    __Vectors_End                            0x08000130   Data           0  startup_stm32f10x_hd.o(RESET)
    __main                                   0x08000131   Thumb Code     0  entry.o(.ARM.Collect$$$$00000000)
    _main_stk                                0x08000131   Thumb Code     0  entry2.o(.ARM.Collect$$$$00000001)
    _main_scatterload                        0x08000135   Thumb Code     0  entry5.o(.ARM.Collect$$$$00000004)
    __main_after_scatterload                 0x08000139   Thumb Code     0  entry5.o(.ARM.Collect$$$$00000004)
    _main_clock                              0x08000139   Thumb Code     0  entry7b.o(.ARM.Collect$$$$00000008)
    _main_cpp_init                           0x08000139   Thumb Code     0  entry8b.o(.ARM.Collect$$$$0000000A)
    _main_init                               0x08000139   Thumb Code     0  entry9a.o(.ARM.Collect$$$$0000000B)
    __rt_final_cpp                           0x08000141   Thumb Code     0  entry10a.o(.ARM.Collect$$$$0000000D)
    __rt_final_exit                          0x08000141   Thumb Code     0  entry11a.o(.ARM.Collect$$$$0000000F)
    Reset_Handler                            0x08000145   Thumb Code     8  startup_stm32f10x_hd.o(.text)
    ADC1_2_IRQHandler                        0x0800015f   Thumb Code     0  startup_stm32f10x_hd.o(.text)
    ADC3_IRQHandler                          0x0800015f   Thumb Code     0  startup_stm32f10x_hd.o(.text)
    CAN1_RX1_IRQHandler                      0x0800015f   Thumb Code     0  startup_stm32f10x_hd.o(.text)
    CAN1_SCE_IRQHandler                      0x0800015f   Thumb Code     0  startup_stm32f10x_hd.o(.text)
    DMA1_Channel1_IRQHandler                 0x0800015f   Thumb Code     0  startup_stm32f10x_hd.o(.text)
    DMA1_Channel2_IRQHandler                 0x0800015f   Thumb Code     0  startup_stm32f10x_hd.o(.text)
    DMA1_Channel3_IRQHandler                 0x0800015f   Thumb Code     0  startup_stm32f10x_hd.o(.text)
    DMA1_Channel4_IRQHandler                 0x0800015f   Thumb Code     0  startup_stm32f10x_hd.o(.text)
    DMA1_Channel5_IRQHandler                 0x0800015f   Thumb Code     0  startup_stm32f10x_hd.o(.text)
    DMA1_Channel6_IRQHandler                 0x0800015f   Thumb Code     0  startup_stm32f10x_hd.o(.text)
    DMA1_Channel7_IRQHandler                 0x0800015f   Thumb Code     0  startup_stm32f10x_hd.o(.text)
    DMA2_Channel1_IRQHandler                 0x0800015f   Thumb Code     0  startup_stm32f10x_hd.o(.text)
    DMA2_Channel2_IRQHandler                 0x0800015f   Thumb Code     0  startup_stm32f10x_hd.o(.text)
    DMA2_Channel3_IRQHandler                 0x0800015f   Thumb Code     0  startup_stm32f10x_hd.o(.text)
    DMA2_Channel4_5_IRQHandler               0x0800015f   Thumb Code     0  startup_stm32f10x_hd.o(.text)
    EXTI0_IRQHandler                         0x0800015f   Thumb Code     0  startup_stm32f10x_hd.o(.text)
    EXTI15_10_IRQHandler                     0x0800015f   Thumb Code     0  startup_stm32f10x_hd.o(.text)
    EXTI1_IRQHandler                         0x0800015f   Thumb Code     0  startup_stm32f10x_hd.o(.text)
    EXTI2_IRQHandler                         0x0800015f   Thumb Code     0  startup_stm32f10x_hd.o(.text)
    EXTI3_IRQHandler                         0x0800015f   Thumb Code     0  startup_stm32f10x_hd.o(.text)
    EXTI4_IRQHandler                         0x0800015f   Thumb Code     0  startup_stm32f10x_hd.o(.text)
    EXTI9_5_IRQHandler                       0x0800015f   Thumb Code     0  startup_stm32f10x_hd.o(.text)
    FLASH_IRQHandler                         0x0800015f   Thumb Code     0  startup_stm32f10x_hd.o(.text)
    FSMC_IRQHandler                          0x0800015f   Thumb Code     0  startup_stm32f10x_hd.o(.text)
    I2C1_ER_IRQHandler                       0x0800015f   Thumb Code     0  startup_stm32f10x_hd.o(.text)
    I2C1_EV_IRQHandler                       0x0800015f   Thumb Code     0  startup_stm32f10x_hd.o(.text)
    I2C2_ER_IRQHandler                       0x0800015f   Thumb Code     0  startup_stm32f10x_hd.o(.text)
    I2C2_EV_IRQHandler                       0x0800015f   Thumb Code     0  startup_stm32f10x_hd.o(.text)
    PVD_IRQHandler                           0x0800015f   Thumb Code     0  startup_stm32f10x_hd.o(.text)
    RCC_IRQHandler                           0x0800015f   Thumb Code     0  startup_stm32f10x_hd.o(.text)
    RTCAlarm_IRQHandler                      0x0800015f   Thumb Code     0  startup_stm32f10x_hd.o(.text)
    RTC_IRQHandler                           0x0800015f   Thumb Code     0  startup_stm32f10x_hd.o(.text)
    SDIO_IRQHandler                          0x0800015f   Thumb Code     0  startup_stm32f10x_hd.o(.text)
    SPI1_IRQHandler                          0x0800015f   Thumb Code     0  startup_stm32f10x_hd.o(.text)
    SPI2_IRQHandler                          0x0800015f   Thumb Code     0  startup_stm32f10x_hd.o(.text)
    SPI3_IRQHandler                          0x0800015f   Thumb Code     0  startup_stm32f10x_hd.o(.text)
    TAMPER_IRQHandler                        0x0800015f   Thumb Code     0  startup_stm32f10x_hd.o(.text)
    TIM1_BRK_IRQHandler                      0x0800015f   Thumb Code     0  startup_stm32f10x_hd.o(.text)
    TIM1_CC_IRQHandler                       0x0800015f   Thumb Code     0  startup_stm32f10x_hd.o(.text)
    TIM1_TRG_COM_IRQHandler                  0x0800015f   Thumb Code     0  startup_stm32f10x_hd.o(.text)
    TIM1_UP_IRQHandler                       0x0800015f   Thumb Code     0  startup_stm32f10x_hd.o(.text)
    TIM2_IRQHandler                          0x0800015f   Thumb Code     0  startup_stm32f10x_hd.o(.text)
    TIM3_IRQHandler                          0x0800015f   Thumb Code     0  startup_stm32f10x_hd.o(.text)
    TIM4_IRQHandler                          0x0800015f   Thumb Code     0  startup_stm32f10x_hd.o(.text)
    TIM5_IRQHandler                          0x0800015f   Thumb Code     0  startup_stm32f10x_hd.o(.text)
    TIM6_IRQHandler                          0x0800015f   Thumb Code     0  startup_stm32f10x_hd.o(.text)
    TIM7_IRQHandler                          0x0800015f   Thumb Code     0  startup_stm32f10x_hd.o(.text)
    TIM8_BRK_IRQHandler                      0x0800015f   Thumb Code     0  startup_stm32f10x_hd.o(.text)
    TIM8_CC_IRQHandler                       0x0800015f   Thumb Code     0  startup_stm32f10x_hd.o(.text)
    TIM8_TRG_COM_IRQHandler                  0x0800015f   Thumb Code     0  startup_stm32f10x_hd.o(.text)
    TIM8_UP_IRQHandler                       0x0800015f   Thumb Code     0  startup_stm32f10x_hd.o(.text)
    UART4_IRQHandler                         0x0800015f   Thumb Code     0  startup_stm32f10x_hd.o(.text)
    UART5_IRQHandler                         0x0800015f   Thumb Code     0  startup_stm32f10x_hd.o(.text)
    USART2_IRQHandler                        0x0800015f   Thumb Code     0  startup_stm32f10x_hd.o(.text)
    USART3_IRQHandler                        0x0800015f   Thumb Code     0  startup_stm32f10x_hd.o(.text)
    USBWakeUp_IRQHandler                     0x0800015f   Thumb Code     0  startup_stm32f10x_hd.o(.text)
    USB_HP_CAN1_TX_IRQHandler                0x0800015f   Thumb Code     0  startup_stm32f10x_hd.o(.text)
    USB_LP_CAN1_RX0_IRQHandler               0x0800015f   Thumb Code     0  startup_stm32f10x_hd.o(.text)
    WWDG_IRQHandler                          0x0800015f   Thumb Code     0  startup_stm32f10x_hd.o(.text)
    __aeabi_memset                           0x08000169   Thumb Code    14  memseta.o(.text)
    __aeabi_memset4                          0x08000169   Thumb Code     0  memseta.o(.text)
    __aeabi_memset8                          0x08000169   Thumb Code     0  memseta.o(.text)
    __aeabi_memclr                           0x08000177   Thumb Code     4  memseta.o(.text)
    __aeabi_memclr4                          0x08000177   Thumb Code     0  memseta.o(.text)
    __aeabi_memclr8                          0x08000177   Thumb Code     0  memseta.o(.text)
    _memset$wrapper                          0x0800017b   Thumb Code    18  memseta.o(.text)
    __aeabi_fmul                             0x0800018d   Thumb Code   100  fmul.o(.text)
    __aeabi_ui2f                             0x080001f1   Thumb Code    10  ffltui.o(.text)
    __aeabi_f2uiz                            0x080001fb   Thumb Code    40  ffixui.o(.text)
    __aeabi_cfrcmple                         0x08000225   Thumb Code    20  cfrcmple.o(.text)
    __I$use$fp                               0x08000239   Thumb Code     0  iusefp.o(.text)
    _float_round                             0x08000239   Thumb Code    18  fepilogue.o(.text)
    _float_epilogue                          0x0800024b   Thumb Code    92  fepilogue.o(.text)
    __scatterload                            0x080002a9   Thumb Code    28  init.o(.text)
    __scatterload_rt2                        0x080002a9   Thumb Code     0  init.o(.text)
    BusFault_Handler                         0x080002cd   Thumb Code     4  stm32f10x_it.o(i.BusFault_Handler)
    DebugMon_Handler                         0x080002d1   Thumb Code     2  stm32f10x_it.o(i.DebugMon_Handler)
    GPIO_Init                                0x080002d3   Thumb Code   278  stm32f10x_gpio.o(i.GPIO_Init)
    GPIO_PinRemapConfig                      0x080003e9   Thumb Code   138  stm32f10x_gpio.o(i.GPIO_PinRemapConfig)
    GPIO_WriteBit                            0x08000479   Thumb Code    10  stm32f10x_gpio.o(i.GPIO_WriteBit)
    HardFault_Handler                        0x08000483   Thumb Code     4  stm32f10x_it.o(i.HardFault_Handler)
    MemManage_Handler                        0x08000487   Thumb Code     4  stm32f10x_it.o(i.MemManage_Handler)
    NMI_Handler                              0x0800048b   Thumb Code     2  stm32f10x_it.o(i.NMI_Handler)
    NVIC_Init                                0x0800048d   Thumb Code   100  misc.o(i.NVIC_Init)
    NVIC_PriorityGroupConfig                 0x080004fd   Thumb Code    10  misc.o(i.NVIC_PriorityGroupConfig)
    OLED_Clear                               0x08000511   Thumb Code    42  oled.o(i.OLED_Clear)
    OLED_I2C_Init                            0x0800053d   Thumb Code    76  oled.o(i.OLED_I2C_Init)
    OLED_I2C_SendByte                        0x0800058d   Thumb Code    88  oled.o(i.OLED_I2C_SendByte)
    OLED_I2C_Start                           0x080005e9   Thumb Code    48  oled.o(i.OLED_I2C_Start)
    OLED_I2C_Stop                            0x0800061d   Thumb Code    36  oled.o(i.OLED_I2C_Stop)
    OLED_Init                                0x08000645   Thumb Code   174  oled.o(i.OLED_Init)
    OLED_Pow                                 0x080006f3   Thumb Code    20  oled.o(i.OLED_Pow)
    OLED_SetCursor                           0x08000707   Thumb Code    34  oled.o(i.OLED_SetCursor)
    OLED_ShowChar                            0x08000729   Thumb Code   110  oled.o(i.OLED_ShowChar)
    OLED_ShowNum                             0x0800079d   Thumb Code    68  oled.o(i.OLED_ShowNum)
    OLED_WriteCommand                        0x080007e1   Thumb Code    32  oled.o(i.OLED_WriteCommand)
    OLED_WriteData                           0x08000801   Thumb Code    32  oled.o(i.OLED_WriteData)
    PendSV_Handler                           0x08000821   Thumb Code     2  stm32f10x_it.o(i.PendSV_Handler)
    RCC_APB2PeriphClockCmd                   0x08000825   Thumb Code    26  stm32f10x_rcc.o(i.RCC_APB2PeriphClockCmd)
    RCC_GetClocksFreq                        0x08000845   Thumb Code   192  stm32f10x_rcc.o(i.RCC_GetClocksFreq)
    SVC_Handler                              0x08000919   Thumb Code     2  stm32f10x_it.o(i.SVC_Handler)
    SysTick_Handler                          0x08000a05   Thumb Code     2  stm32f10x_it.o(i.SysTick_Handler)
    SystemInit                               0x08000a09   Thumb Code    78  system_stm32f10x.o(i.SystemInit)
    USART1_IRQHandler                        0x08000a69   Thumb Code   120  usart.o(i.USART1_IRQHandler)
    USART_ClearITPendingBit                  0x08000af1   Thumb Code    30  stm32f10x_usart.o(i.USART_ClearITPendingBit)
    USART_Cmd                                0x08000b0f   Thumb Code    24  stm32f10x_usart.o(i.USART_Cmd)
    USART_GetITStatus                        0x08000b27   Thumb Code    84  stm32f10x_usart.o(i.USART_GetITStatus)
    USART_ITConfig                           0x08000b7b   Thumb Code    74  stm32f10x_usart.o(i.USART_ITConfig)
    USART_Init                               0x08000bc5   Thumb Code   210  stm32f10x_usart.o(i.USART_Init)
    UsageFault_Handler                       0x08000c9d   Thumb Code     4  stm32f10x_it.o(i.UsageFault_Handler)
    ZDT_X42_V2_Read_Sys_Params               0x08000ca1   Thumb Code   270  zdt_x42_v2.o(i.ZDT_X42_V2_Read_Sys_Params)
    ZDT_X42_V2_Receive_Data                  0x08000db1   Thumb Code    84  zdt_x42_v2.o(i.ZDT_X42_V2_Receive_Data)
    ZDT_X42_V2_Velocity_Control              0x08000e11   Thumb Code   142  zdt_x42_v2.o(i.ZDT_X42_V2_Velocity_Control)
    __scatterload_copy                       0x08000ea5   Thumb Code    14  handlers.o(i.__scatterload_copy)
    __scatterload_null                       0x08000eb3   Thumb Code     2  handlers.o(i.__scatterload_null)
    __scatterload_zeroinit                   0x08000eb5   Thumb Code    14  handlers.o(i.__scatterload_zeroinit)
    board_init                               0x08000ec3   Thumb Code    16  board.o(i.board_init)
    clock_init                               0x08000ed5   Thumb Code    28  board.o(i.clock_init)
    delay_ms                                 0x08000ef5   Thumb Code    90  delay.o(i.delay_ms)
    fifo_deQueue                             0x08000f55   Thumb Code    58  fifo.o(i.fifo_deQueue)
    fifo_enQueue                             0x08000f95   Thumb Code    42  fifo.o(i.fifo_enQueue)
    fifo_isEmpty                             0x08000fc5   Thumb Code    24  fifo.o(i.fifo_isEmpty)
    fifo_queueLength                         0x08000fe1   Thumb Code    56  fifo.o(i.fifo_queueLength)
    main                                     0x0800101d   Thumb Code   168  main.o(i.main)
    nvic_init                                0x080010cd   Thumb Code    40  board.o(i.nvic_init)
    usart_SendByte                           0x080010f5   Thumb Code    56  usart.o(i.usart_SendByte)
    usart_SendCmd                            0x08001131   Thumb Code    44  usart.o(i.usart_SendCmd)
    usart_init                               0x0800115d   Thumb Code   148  board.o(i.usart_init)
    OLED_F8x16                               0x080011f8   Data        1520  oled.o(.constdata)
    Region$$Table$$Base                      0x080017e8   Number         0  anon$$obj.o(Region$$Table)
    Region$$Table$$Limit                     0x08001808   Number         0  anon$$obj.o(Region$$Table)
    rxFrameFlag                              0x20000000   Data           1  usart.o(.data)
    u_rxCount                                0x20000001   Data           1  usart.o(.data)
    SystemCoreClock                          0x20000004   Data           4  system_stm32f10x.o(.data)
    AHBPrescTable                            0x20000008   Data          16  system_stm32f10x.o(.data)
    u_rxCmd                                  0x2000002c   Data         128  usart.o(.bss)
    rxFIFO                                   0x200000ac   Data         258  fifo.o(.bss)
    __initial_sp                             0x200009b0   Data           0  startup_stm32f10x_hd.o(STACK)



==============================================================================

Memory Map of the image

  Image Entry point : 0x08000131

  Load Region LR_IROM1 (Base: 0x08000000, Size: 0x00001834, Max: 0x00010000, ABSOLUTE)

    Execution Region ER_IROM1 (Base: 0x08000000, Size: 0x00001808, Max: 0x00010000, ABSOLUTE)

    Base Addr    Size         Type   Attr      Idx    E Section Name        Object

    0x08000000   0x00000130   Data   RO          306    RESET               startup_stm32f10x_hd.o
    0x08000130   0x00000000   Code   RO         1043  * .ARM.Collect$$$$00000000  mc_w.l(entry.o)
    0x08000130   0x00000004   Code   RO         1056    .ARM.Collect$$$$00000001  mc_w.l(entry2.o)
    0x08000134   0x00000004   Code   RO         1059    .ARM.Collect$$$$00000004  mc_w.l(entry5.o)
    0x08000138   0x00000000   Code   RO         1061    .ARM.Collect$$$$00000008  mc_w.l(entry7b.o)
    0x08000138   0x00000000   Code   RO         1063    .ARM.Collect$$$$0000000A  mc_w.l(entry8b.o)
    0x08000138   0x00000008   Code   RO         1064    .ARM.Collect$$$$0000000B  mc_w.l(entry9a.o)
    0x08000140   0x00000000   Code   RO         1066    .ARM.Collect$$$$0000000D  mc_w.l(entry10a.o)
    0x08000140   0x00000000   Code   RO         1068    .ARM.Collect$$$$0000000F  mc_w.l(entry11a.o)
    0x08000140   0x00000004   Code   RO         1057    .ARM.Collect$$$$00002712  mc_w.l(entry2.o)
    0x08000144   0x00000024   Code   RO          307    .text               startup_stm32f10x_hd.o
    0x08000168   0x00000024   Code   RO         1046    .text               mc_w.l(memseta.o)
    0x0800018c   0x00000064   Code   RO         1048    .text               mf_w.l(fmul.o)
    0x080001f0   0x0000000a   Code   RO         1050    .text               mf_w.l(ffltui.o)
    0x080001fa   0x00000028   Code   RO         1052    .text               mf_w.l(ffixui.o)
    0x08000222   0x00000002   PAD
    0x08000224   0x00000014   Code   RO         1054    .text               mf_w.l(cfrcmple.o)
    0x08000238   0x00000000   Code   RO         1070    .text               mc_w.l(iusefp.o)
    0x08000238   0x0000006e   Code   RO         1071    .text               mf_w.l(fepilogue.o)
    0x080002a6   0x00000002   PAD
    0x080002a8   0x00000024   Code   RO         1073    .text               mc_w.l(init.o)
    0x080002cc   0x00000004   Code   RO           67    i.BusFault_Handler  stm32f10x_it.o
    0x080002d0   0x00000002   Code   RO           68    i.DebugMon_Handler  stm32f10x_it.o
    0x080002d2   0x00000116   Code   RO          519    i.GPIO_Init         stm32f10x_gpio.o
    0x080003e8   0x00000090   Code   RO          521    i.GPIO_PinRemapConfig  stm32f10x_gpio.o
    0x08000478   0x0000000a   Code   RO          530    i.GPIO_WriteBit     stm32f10x_gpio.o
    0x08000482   0x00000004   Code   RO           69    i.HardFault_Handler  stm32f10x_it.o
    0x08000486   0x00000004   Code   RO           70    i.MemManage_Handler  stm32f10x_it.o
    0x0800048a   0x00000002   Code   RO           71    i.NMI_Handler       stm32f10x_it.o
    0x0800048c   0x00000070   Code   RO         1007    i.NVIC_Init         misc.o
    0x080004fc   0x00000014   Code   RO         1008    i.NVIC_PriorityGroupConfig  misc.o
    0x08000510   0x0000002a   Code   RO          405    i.OLED_Clear        oled.o
    0x0800053a   0x00000002   PAD
    0x0800053c   0x00000050   Code   RO          406    i.OLED_I2C_Init     oled.o
    0x0800058c   0x0000005c   Code   RO          407    i.OLED_I2C_SendByte  oled.o
    0x080005e8   0x00000034   Code   RO          408    i.OLED_I2C_Start    oled.o
    0x0800061c   0x00000028   Code   RO          409    i.OLED_I2C_Stop     oled.o
    0x08000644   0x000000ae   Code   RO          410    i.OLED_Init         oled.o
    0x080006f2   0x00000014   Code   RO          411    i.OLED_Pow          oled.o
    0x08000706   0x00000022   Code   RO          412    i.OLED_SetCursor    oled.o
    0x08000728   0x00000074   Code   RO          414    i.OLED_ShowChar     oled.o
    0x0800079c   0x00000044   Code   RO          416    i.OLED_ShowNum      oled.o
    0x080007e0   0x00000020   Code   RO          419    i.OLED_WriteCommand  oled.o
    0x08000800   0x00000020   Code   RO          420    i.OLED_WriteData    oled.o
    0x08000820   0x00000002   Code   RO           72    i.PendSV_Handler    stm32f10x_it.o
    0x08000822   0x00000002   PAD
    0x08000824   0x00000020   Code   RO          631    i.RCC_APB2PeriphClockCmd  stm32f10x_rcc.o
    0x08000844   0x000000d4   Code   RO          639    i.RCC_GetClocksFreq  stm32f10x_rcc.o
    0x08000918   0x00000002   Code   RO           73    i.SVC_Handler       stm32f10x_it.o
    0x0800091a   0x00000008   Code   RO          311    i.SetSysClock       system_stm32f10x.o
    0x08000922   0x00000002   PAD
    0x08000924   0x000000e0   Code   RO          312    i.SetSysClockTo72   system_stm32f10x.o
    0x08000a04   0x00000002   Code   RO           74    i.SysTick_Handler   stm32f10x_it.o
    0x08000a06   0x00000002   PAD
    0x08000a08   0x00000060   Code   RO          314    i.SystemInit        system_stm32f10x.o
    0x08000a68   0x00000088   Code   RO          232    i.USART1_IRQHandler  usart.o
    0x08000af0   0x0000001e   Code   RO          828    i.USART_ClearITPendingBit  stm32f10x_usart.o
    0x08000b0e   0x00000018   Code   RO          831    i.USART_Cmd         stm32f10x_usart.o
    0x08000b26   0x00000054   Code   RO          835    i.USART_GetITStatus  stm32f10x_usart.o
    0x08000b7a   0x0000004a   Code   RO          837    i.USART_ITConfig    stm32f10x_usart.o
    0x08000bc4   0x000000d8   Code   RO          838    i.USART_Init        stm32f10x_usart.o
    0x08000c9c   0x00000004   Code   RO           75    i.UsageFault_Handler  stm32f10x_it.o
    0x08000ca0   0x0000010e   Code   RO          137    i.ZDT_X42_V2_Read_Sys_Params  zdt_x42_v2.o
    0x08000dae   0x00000002   PAD
    0x08000db0   0x00000060   Code   RO          138    i.ZDT_X42_V2_Receive_Data  zdt_x42_v2.o
    0x08000e10   0x00000094   Code   RO          145    i.ZDT_X42_V2_Velocity_Control  zdt_x42_v2.o
    0x08000ea4   0x0000000e   Code   RO         1077    i.__scatterload_copy  mc_w.l(handlers.o)
    0x08000eb2   0x00000002   Code   RO         1078    i.__scatterload_null  mc_w.l(handlers.o)
    0x08000eb4   0x0000000e   Code   RO         1079    i.__scatterload_zeroinit  mc_w.l(handlers.o)
    0x08000ec2   0x00000010   Code   RO          263    i.board_init        board.o
    0x08000ed2   0x00000002   PAD
    0x08000ed4   0x00000020   Code   RO          264    i.clock_init        board.o
    0x08000ef4   0x00000060   Code   RO          388    i.delay_ms          delay.o
    0x08000f54   0x00000040   Code   RO          345    i.fifo_deQueue      fifo.o
    0x08000f94   0x00000030   Code   RO          346    i.fifo_enQueue      fifo.o
    0x08000fc4   0x0000001c   Code   RO          347    i.fifo_isEmpty      fifo.o
    0x08000fe0   0x0000003c   Code   RO          348    i.fifo_queueLength  fifo.o
    0x0800101c   0x000000b0   Code   RO            1    i.main              main.o
    0x080010cc   0x00000028   Code   RO          265    i.nvic_init         board.o
    0x080010f4   0x0000003c   Code   RO          233    i.usart_SendByte    usart.o
    0x08001130   0x0000002c   Code   RO          234    i.usart_SendCmd     usart.o
    0x0800115c   0x0000009c   Code   RO          266    i.usart_init        board.o
    0x080011f8   0x000005f0   Data   RO          421    .constdata          oled.o
    0x080017e8   0x00000020   Data   RO         1075    Region$$Table       anon$$obj.o


    Execution Region RW_IRAM1 (Base: 0x20000000, Size: 0x000009b0, Max: 0x00005000, ABSOLUTE)

    Base Addr    Size         Type   Attr      Idx    E Section Name        Object

    0x20000000   0x00000002   Data   RW          236    .data               usart.o
    0x20000002   0x00000002   PAD
    0x20000004   0x00000014   Data   RW          315    .data               system_stm32f10x.o
    0x20000018   0x00000014   Data   RW          659    .data               stm32f10x_rcc.o
    0x2000002c   0x00000080   Zero   RW          235    .bss                usart.o
    0x200000ac   0x00000102   Zero   RW          350    .bss                fifo.o
    0x200001ae   0x00000002   PAD
    0x200001b0   0x00000800   Zero   RW          304    STACK               startup_stm32f10x_hd.o


==============================================================================

Image component sizes


      Code (inc. data)   RO Data    RW Data    ZI Data      Debug   Object Name

       244         12          0          0          0       1779   board.o
         0          0          0          0          0         32   core_cm3.o
        96          6          0          0          0        731   delay.o
       200         20          0          0        258       2573   fifo.o
       176          8          0          0          0     232075   main.o
       132         22          0          0          0       1543   misc.o
       782         22       1520          0          0       6483   oled.o
        36          8        304          0       2048        756   startup_stm32f10x_hd.o
       432          6          0          0          0       3374   stm32f10x_gpio.o
        26          0          0          0          0       3466   stm32f10x_it.o
       244         26          0         20          0       3841   stm32f10x_rcc.o
       428          6          0          0          0       5072   stm32f10x_usart.o
       328         28          0         20          0       1961   system_stm32f10x.o
       240         20          0          2        128       2009   usart.o
       514         40          0          0          0       2461   zdt_x42_v2.o

    ----------------------------------------------------------------------
      3890        224       1856         44       2436     268156   Object Totals
         0          0         32          0          0          0   (incl. Generated)
        12          0          0          2          2          0   (incl. Padding)

    ----------------------------------------------------------------------

      Code (inc. data)   RO Data    RW Data    ZI Data      Debug   Library Member Name

         0          0          0          0          0          0   entry.o
         0          0          0          0          0          0   entry10a.o
         0          0          0          0          0          0   entry11a.o
         8          4          0          0          0          0   entry2.o
         4          0          0          0          0          0   entry5.o
         0          0          0          0          0          0   entry7b.o
         0          0          0          0          0          0   entry8b.o
         8          4          0          0          0          0   entry9a.o
        30          0          0          0          0          0   handlers.o
        36          8          0          0          0         68   init.o
         0          0          0          0          0          0   iusefp.o
        36          0          0          0          0        108   memseta.o
        20          0          0          0          0         68   cfrcmple.o
       110          0          0          0          0        168   fepilogue.o
        40          0          0          0          0         68   ffixui.o
        10          0          0          0          0         68   ffltui.o
       100          0          0          0          0         76   fmul.o

    ----------------------------------------------------------------------
       406         16          0          0          0        624   Library Totals
         4          0          0          0          0          0   (incl. Padding)

    ----------------------------------------------------------------------

      Code (inc. data)   RO Data    RW Data    ZI Data      Debug   Library Name

       122         16          0          0          0        176   mc_w.l
       280          0          0          0          0        448   mf_w.l

    ----------------------------------------------------------------------
       406         16          0          0          0        624   Library Totals

    ----------------------------------------------------------------------

==============================================================================


      Code (inc. data)   RO Data    RW Data    ZI Data      Debug   

      4296        240       1856         44       2436     266176   Grand Totals
      4296        240       1856         44       2436     266176   ELF Image Totals
      4296        240       1856         44          0          0   ROM Totals

==============================================================================

    Total RO  Size (Code + RO Data)                 6152 (   6.01kB)
    Total RW  Size (RW Data + ZI Data)              2480 (   2.42kB)
    Total ROM Size (Code + RO Data + RW Data)       6196 (   6.05kB)

==============================================================================

